Component: ARM Compiler 5.06 update 3 (build 300) Tool: armlink [4d35c9]

==============================================================================

Section Cross References

    startup_stm32f427xx.o(RESET) refers to startup_stm32f427xx.o(STACK) for __initial_sp
    startup_stm32f427xx.o(RESET) refers to startup_stm32f427xx.o(.text) for Reset_Handler
    startup_stm32f427xx.o(RESET) refers to stm32f4xx_it.o(i.NMI_Handler) for NMI_Handler
    startup_stm32f427xx.o(RESET) refers to stm32f4xx_it.o(i.HardFault_Handler) for HardFault_Handler
    startup_stm32f427xx.o(RESET) refers to stm32f4xx_it.o(i.MemManage_Handler) for MemManage_Handler
    startup_stm32f427xx.o(RESET) refers to stm32f4xx_it.o(i.BusFault_Handler) for BusFault_Handler
    startup_stm32f427xx.o(RESET) refers to stm32f4xx_it.o(i.UsageFault_Handler) for UsageFault_Handler
    startup_stm32f427xx.o(RESET) refers to port.o(.emb_text) for SVC_Handler
    startup_stm32f427xx.o(RESET) refers to stm32f4xx_it.o(i.DebugMon_Handler) for DebugMon_Handler
    startup_stm32f427xx.o(RESET) refers to port.o(i.SysTick_Handler) for SysTick_Handler
    startup_stm32f427xx.o(RESET) refers to stm32f4xx_it.o(i.CAN1_TX_IRQHandler) for CAN1_TX_IRQHandler
    startup_stm32f427xx.o(RESET) refers to stm32f4xx_it.o(i.CAN1_RX0_IRQHandler) for CAN1_RX0_IRQHandler
    startup_stm32f427xx.o(RESET) refers to stm32f4xx_it.o(i.USART1_IRQHandler) for USART1_IRQHandler
    startup_stm32f427xx.o(RESET) refers to stm32f4xx_it.o(i.USART2_IRQHandler) for USART2_IRQHandler
    startup_stm32f427xx.o(RESET) refers to stm32f4xx_it.o(i.TIM8_UP_TIM13_IRQHandler) for TIM8_UP_TIM13_IRQHandler
    startup_stm32f427xx.o(RESET) refers to stm32f4xx_it.o(i.DMA2_Stream2_IRQHandler) for DMA2_Stream2_IRQHandler
    startup_stm32f427xx.o(RESET) refers to stm32f4xx_it.o(i.CAN2_TX_IRQHandler) for CAN2_TX_IRQHandler
    startup_stm32f427xx.o(RESET) refers to stm32f4xx_it.o(i.CAN2_RX0_IRQHandler) for CAN2_RX0_IRQHandler
    startup_stm32f427xx.o(RESET) refers to stm32f4xx_it.o(i.USART6_IRQHandler) for USART6_IRQHandler
    startup_stm32f427xx.o(.text) refers to system_stm32f4xx.o(i.SystemInit) for SystemInit
    startup_stm32f427xx.o(.text) refers to entry.o(.ARM.Collect$$$$00000000) for __main
    main.o(i.HAL_TIM_PeriodElapsedCallback) refers to stm32f4xx_hal.o(i.HAL_IncTick) for HAL_IncTick
    main.o(i.SystemClock_Config) refers to memseta.o(.text) for __aeabi_memclr4
    main.o(i.SystemClock_Config) refers to stm32f4xx_hal_rcc.o(i.HAL_RCC_OscConfig) for HAL_RCC_OscConfig
    main.o(i.SystemClock_Config) refers to stm32f4xx_hal_pwr_ex.o(i.HAL_PWREx_EnableOverDrive) for HAL_PWREx_EnableOverDrive
    main.o(i.SystemClock_Config) refers to stm32f4xx_hal_rcc.o(i.HAL_RCC_ClockConfig) for HAL_RCC_ClockConfig
    main.o(i.main) refers to stm32f4xx_hal.o(i.HAL_Init) for HAL_Init
    main.o(i.main) refers to main.o(i.SystemClock_Config) for SystemClock_Config
    main.o(i.main) refers to gpio.o(i.MX_GPIO_Init) for MX_GPIO_Init
    main.o(i.main) refers to dma.o(i.MX_DMA_Init) for MX_DMA_Init
    main.o(i.main) refers to tim.o(i.MX_TIM4_Init) for MX_TIM4_Init
    main.o(i.main) refers to can.o(i.MX_CAN1_Init) for MX_CAN1_Init
    main.o(i.main) refers to can.o(i.MX_CAN2_Init) for MX_CAN2_Init
    main.o(i.main) refers to usart.o(i.MX_USART1_UART_Init) for MX_USART1_UART_Init
    main.o(i.main) refers to usart.o(i.MX_USART6_UART_Init) for MX_USART6_UART_Init
    main.o(i.main) refers to tim.o(i.MX_TIM2_Init) for MX_TIM2_Init
    main.o(i.main) refers to usart.o(i.MX_USART2_UART_Init) for MX_USART2_UART_Init
    main.o(i.main) refers to usart.o(i.MX_UART8_Init) for MX_UART8_Init
    main.o(i.main) refers to spi.o(i.MX_SPI5_Init) for MX_SPI5_Init
    main.o(i.main) refers to centre.o(i.base_init) for base_init
    main.o(i.main) refers to stm32f4xx_hal.o(i.HAL_Delay) for HAL_Delay
    main.o(i.main) refers to centre.o(i.task_init) for task_init
    main.o(i.main) refers to freertos.o(i.MX_FREERTOS_Init) for MX_FREERTOS_Init
    main.o(i.main) refers to cmsis_os.o(i.osKernelStart) for osKernelStart
    gpio.o(i.MX_GPIO_Init) refers to memseta.o(.text) for __aeabi_memclr4
    gpio.o(i.MX_GPIO_Init) refers to stm32f4xx_hal_gpio.o(i.HAL_GPIO_WritePin) for HAL_GPIO_WritePin
    gpio.o(i.MX_GPIO_Init) refers to stm32f4xx_hal_gpio.o(i.HAL_GPIO_Init) for HAL_GPIO_Init
    freertos.o(i.Chassis_Task) refers to centre.o(i.chassis_all_task) for chassis_all_task
    freertos.o(i.Chassis_Task) refers to cmsis_os.o(i.osDelay) for osDelay
    freertos.o(i.Get_task) refers to centre.o(i.Get_all_task) for Get_all_task
    freertos.o(i.Get_task) refers to cmsis_os.o(i.osDelay) for osDelay
    freertos.o(i.Key_Task) refers to centre.o(i.key_all_task) for key_all_task
    freertos.o(i.Key_Task) refers to cmsis_os.o(i.osDelay) for osDelay
    freertos.o(i.MX_FREERTOS_Init) refers to memcpya.o(.text) for __aeabi_memcpy4
    freertos.o(i.MX_FREERTOS_Init) refers to cmsis_os.o(i.osThreadCreate) for osThreadCreate
[...]
    prvAddCurrentTaskToDelayedList           0x080070f5   Thumb Code   102  tasks.o(i.prvAddCurrentTaskToDelayedList)
    i.prvAddNewTaskToReadyList               0x08007164   Section        0  tasks.o(i.prvAddNewTaskToReadyList)
    prvAddNewTaskToReadyList                 0x08007165   Thumb Code   194  tasks.o(i.prvAddNewTaskToReadyList)
    i.prvDeleteTCB                           0x08007234   Section        0  tasks.o(i.prvDeleteTCB)
    prvDeleteTCB                             0x08007235   Thumb Code    52  tasks.o(i.prvDeleteTCB)
    i.prvHeapInit                            0x08007268   Section        0  heap_4.o(i.prvHeapInit)
    prvHeapInit                              0x08007269   Thumb Code    66  heap_4.o(i.prvHeapInit)
    i.prvIdleTask                            0x080072b4   Section        0  tasks.o(i.prvIdleTask)
    prvIdleTask                              0x080072b5   Thumb Code    82  tasks.o(i.prvIdleTask)
    i.prvInitialiseNewTask                   0x08007314   Section        0  tasks.o(i.prvInitialiseNewTask)
    prvInitialiseNewTask                     0x08007315   Thumb Code   152  tasks.o(i.prvInitialiseNewTask)
    i.prvInsertBlockIntoFreeList             0x080073ac   Section        0  heap_4.o(i.prvInsertBlockIntoFreeList)
    prvInsertBlockIntoFreeList               0x080073ad   Thumb Code    72  heap_4.o(i.prvInsertBlockIntoFreeList)
    i.prvResetNextTaskUnblockTime            0x080073f8   Section        0  tasks.o(i.prvResetNextTaskUnblockTime)
    prvResetNextTaskUnblockTime              0x080073f9   Thumb Code    26  tasks.o(i.prvResetNextTaskUnblockTime)
    i.prvTaskExitError                       0x08007418   Section        0  port.o(i.prvTaskExitError)
    prvTaskExitError                         0x08007419   Thumb Code    36  port.o(i.prvTaskExitError)
    i.pvPortMalloc                           0x08007440   Section        0  heap_4.o(i.pvPortMalloc)
    i.pxPortInitialiseStack                  0x0800751c   Section        0  port.o(i.pxPortInitialiseStack)
    i.ramp_calc                              0x08007548   Section        0  user_lib.o(i.ramp_calc)
    i.ramp_init                              0x080075d8   Section        0  user_lib.o(i.ramp_init)
    i.spin_moto_find_set                     0x080075f4   Section        0  get.o(i.spin_moto_find_set)
    i.sqrt                                   0x0800773c   Section        0  sqrt.o(i.sqrt)
    i.steer_init                             0x080077ac   Section        0  other_action.o(i.steer_init)
    i.supply_task                            0x080077d0   Section        0  other_action.o(i.supply_task)
    i.task_init                              0x08007810   Section        0  centre.o(i.task_init)
    i.tp_init                                0x08007828   Section        0  get.o(i.tp_init)
    i.tp_task                                0x080078ac   Section        0  get.o(i.tp_task)
    i.uxListRemove                           0x08007a14   Section        0  list.o(i.uxListRemove)
    i.vApplicationGetIdleTaskMemory          0x08007a3c   Section        0  freertos.o(i.vApplicationGetIdleTaskMemory)
    i.vListInitialise                        0x08007a50   Section        0  list.o(i.vListInitialise)
    i.vListInitialiseItem                    0x08007a66   Section        0  list.o(i.vListInitialiseItem)
    i.vListInsert                            0x08007a6c   Section        0  list.o(i.vListInsert)
    i.vListInsertEnd                         0x08007a9c   Section        0  list.o(i.vListInsertEnd)
    i.vPortEnterCritical                     0x08007ab4   Section        0  port.o(i.vPortEnterCritical)
    i.vPortExitCritical                      0x08007af4   Section        0  port.o(i.vPortExitCritical)
    i.vPortFree                              0x08007b1c   Section        0  heap_4.o(i.vPortFree)
    i.vPortSetupTimerInterrupt               0x08007b80   Section        0  port.o(i.vPortSetupTimerInterrupt)
    i.vTaskDelay                             0x08007ba4   Section        0  tasks.o(i.vTaskDelay)
    i.vTaskStartScheduler                    0x08007bf0   Section        0  tasks.o(i.vTaskStartScheduler)
    i.vTaskSuspendAll                        0x08007c5c   Section        0  tasks.o(i.vTaskSuspendAll)
    i.vTaskSwitchContext                     0x08007c6c   Section        0  tasks.o(i.vTaskSwitchContext)
    i.xPortStartScheduler                    0x08007cc8   Section        0  port.o(i.xPortStartScheduler)
    i.xTaskCreate                            0x08007dbc   Section        0  tasks.o(i.xTaskCreate)
    i.xTaskCreateStatic                      0x08007e16   Section        0  tasks.o(i.xTaskCreateStatic)
    i.xTaskIncrementTick                     0x08007e6c   Section        0  tasks.o(i.xTaskIncrementTick)
    i.xTaskResumeAll                         0x08007f38   Section        0  tasks.o(i.xTaskResumeAll)
    .constdata                               0x08007ffc   Section      112  freertos.o(.constdata)
    .constdata                               0x0800806c   Section        8  stm32f4xx_hal_dma.o(.constdata)
    flagBitshiftOffset                       0x0800806c   Data           8  stm32f4xx_hal_dma.o(.constdata)
    .constdata                               0x08008074   Section       16  system_stm32f4xx.o(.constdata)
    .constdata                               0x08008084   Section        8  system_stm32f4xx.o(.constdata)
    .constdata                               0x08008090   Section      136  pow.o(.constdata)
    bp                                       0x08008090   Data          16  pow.o(.constdata)
    dp_h                                     0x080080a0   Data          16  pow.o(.constdata)
    dp_l                                     0x080080b0   Data          16  pow.o(.constdata)
    L                                        0x080080c0   Data          48  pow.o(.constdata)
    P                                        0x080080f0   Data          40  pow.o(.constdata)
    .constdata                               0x08008118   Section        8  qnan.o(.constdata)
    .conststring                             0x08008120   Section       24  freertos.o(.conststring)
    .data                                    0x20000000   Section       16  freertos.o(.data)
    .data                                    0x20000010   Section        4  can.o(.data)
    HAL_RCC_CAN1_CLK_ENABLED                 0x20000010   Data           4  can.o(.data)
    .data                                    0x20000014   Section       12  stm32f4xx_hal.o(.data)
    .data                                    0x20000020   Section        4  system_stm32f4xx.o(.data)
    .data                                    0x20000024   Section       60  tasks.o(.data)
    uxDeletedTasksWaitingCleanUp             0x20000028   Data           4  tasks.o(.data)
    uxCurrentNumberOfTasks                   0x2000002c   Data           4  tasks.o(.data)
    xTickCount                               0x20000030   Data           4  tasks.o(.data)
    uxTopReadyPriority                       0x20000034   Data           4  tasks.o(.data)
    xSchedulerRunning                        0x20000038   Data           4  tasks.o(.data)
    xPendedTicks                             0x2000003c   Data           4  tasks.o(.data)
    xYieldPending                            0x20000040   Data           4  tasks.o(.data)
    xNumOfOverflows                          0x20000044   Data           4  tasks.o(.data)
    uxTaskNumber                             0x20000048   Data           4  tasks.o(.data)
    xNextTaskUnblockTime                     0x2000004c   Data           4  tasks.o(.data)
    xIdleTaskHandle                          0x20000050   Data           4  tasks.o(.data)
    uxSchedulerSuspended                     0x20000054   Data           4  tasks.o(.data)
    pxDelayedTaskList                        0x20000058   Data           4  tasks.o(.data)
    pxOverflowDelayedTaskList                0x2000005c   Data           4  tasks.o(.data)
    .data                                    0x20000060   Section       32  heap_4.o(.data)
    pxEnd                                    0x20000060   Data           4  heap_4.o(.data)
    xFreeBytesRemaining                      0x20000064   Data           4  heap_4.o(.data)
    xMinimumEverFreeBytesRemaining           0x20000068   Data           4  heap_4.o(.data)
    xNumberOfSuccessfulAllocations           0x2000006c   Data           4  heap_4.o(.data)
    xNumberOfSuccessfulFrees                 0x20000070   Data           4  heap_4.o(.data)
    xBlockAllocatedBit                       0x20000074   Data           4  heap_4.o(.data)
    xStart                                   0x20000078   Data           8  heap_4.o(.data)
    .data                                    0x20000080   Section       12  port.o(.data)
    ucMaxSysCallPriority                     0x20000080   Data           1  port.o(.data)
    uxCriticalNesting                        0x20000084   Data           4  port.o(.data)
    ulMaxPRIGROUPValue                       0x20000088   Data           4  port.o(.data)
    .data                                    0x2000008c   Section       16  remote_control.o(.data)
    .data                                    0x2000009c   Section       36  bsp_can.o(.data)
    i                                        0x2000009c   Data           4  bsp_can.o(.data)
    j                                        0x200000a0   Data           4  bsp_can.o(.data)
    z                                        0x200000a4   Data           4  bsp_can.o(.data)
    x                                        0x200000a8   Data           4  bsp_can.o(.data)
    .data                                    0x200000c0   Section        4  key_1.o(.data)
    .data                                    0x200000c4   Section        4  centre.o(.data)
    chassis_mouse_filter                     0x200000c4   Data           4  centre.o(.data)
    .data                                    0x200000c8   Section        2  chassis.o(.data)
    .data                                    0x200000cc   Section       28  get.o(.data)
    .data                                    0x200000e8   Section       16  other_action.o(.data)
    .data                                    0x200000f8   Section        4  errno.o(.data)
    _errno                                   0x200000f8   Data           4  errno.o(.data)
    .bss                                     0x200000fc   Section      596  freertos.o(.bss)
    xIdleTaskTCBBuffer                       0x200000fc   Data          84  freertos.o(.bss)
    xIdleStack                               0x20000150   Data         512  freertos.o(.bss)
    .bss                                     0x20000350   Section       80  can.o(.bss)
    .bss                                     0x200003a0   Section       88  spi.o(.bss)
    .bss                                     0x200003f8   Section      144  tim.o(.bss)
    .bss                                     0x20000488   Section      368  usart.o(.bss)
    .bss                                     0x200005f8   Section       72  stm32f4xx_hal_timebase_tim.o(.bss)
    .bss                                     0x20000640   Section      240  tasks.o(.bss)
    pxReadyTasksLists                        0x20000640   Data         140  tasks.o(.bss)
    xDelayedTaskList1                        0x200006cc   Data          20  tasks.o(.bss)
    xDelayedTaskList2                        0x200006e0   Data          20  tasks.o(.bss)
    xPendingReadyList                        0x200006f4   Data          20  tasks.o(.bss)
    xTasksWaitingTermination                 0x20000708   Data          20  tasks.o(.bss)
    xSuspendedTaskList                       0x2000071c   Data          20  tasks.o(.bss)
    .bss                                     0x20000730   Section    15360  heap_4.o(.bss)
    ucHeap                                   0x20000730   Data       15360  heap_4.o(.bss)
    .bss                                     0x20004330   Section       22  remote_control.o(.bss)
    .bss                                     0x20004348   Section      436  bsp_can.o(.bss)
    .bss                                     0x200044fc   Section       17  user_lib.o(.bss)
    .bss                                     0x2000450d   Section       18  key_1.o(.bss)
    .bss                                     0x2000451f   Section      100  centre.o(.bss)
    .bss                                     0x20004584   Section      556  chassis.o(.bss)
    .bss                                     0x200047b0   Section     1040  get.o(.bss)
    .bss                                     0x20004bc0   Section      312  other_action.o(.bss)
    STACK                                    0x20004cf8   Section     1024  startup_stm32f427xx.o(STACK)

    Global Symbols

    Symbol Name                              Value     Ov Type        Size  Object(Section)

    BuildAttributes$$THM_ISAv4$E$P$D$K$B$S$7EM$VFPi3$EXTD16$VFPS$VFMA$PE$A:L22UL41UL21$X:L11$S22US41US21$IEEE1$IW$USESV6$~STKCKD$USESV7$~SHL$OTIME$ROPI$IEEEX$EBA8$MICROLIB$REQ8$PRES8$EABIv2 0x00000000   Number         0  anon$$obj.o ABSOLUTE
    __ARM_use_no_argv                        0x00000000   Number         0  main.o ABSOLUTE
    __cpp_initialize__aeabi_                  - Undefined Weak Reference
    __cxa_finalize                            - Undefined Weak Reference
    __decompress                              - Undefined Weak Reference
    _clock_init                               - Undefined Weak Reference
    _microlib_exit                            - Undefined Weak Reference
    __Vectors_Size                           0x000001ac   Number         0  startup_stm32f427xx.o ABSOLUTE
    __Vectors                                0x08000000   Data           4  startup_stm32f427xx.o(RESET)
    __Vectors_End                            0x080001ac   Data           0  startup_stm32f427xx.o(RESET)
    __main                                   0x080001ad   Thumb Code     0  entry.o(.ARM.Collect$$$$00000000)
    _main_stk                                0x080001ad   Thumb Code     0  entry2.o(.ARM.Collect$$$$00000001)
    _main_scatterload                        0x080001b1   Thumb Code     0  entry5.o(.ARM.Collect$$$$00000004)
    __main_after_scatterload                 0x080001b5   Thumb Code     0  entry5.o(.ARM.Collect$$$$00000004)
    _main_clock                              0x080001b5   Thumb Code     0  entry7b.o(.ARM.Collect$$$$00000008)
    _main_cpp_init                           0x080001b5   Thumb Code     0  entry8b.o(.ARM.Collect$$$$0000000A)
    _main_init                               0x080001b5   Thumb Code     0  entry9a.o(.ARM.Collect$$$$0000000B)
    __rt_final_cpp                           0x080001bd   Thumb Code     0  entry10a.o(.ARM.Collect$$$$0000000D)
    __rt_final_exit                          0x080001bd   Thumb Code     0  entry11a.o(.ARM.Collect$$$$0000000F)
    SVC_Handler                              0x080001c1   Thumb Code    28  port.o(.emb_text)
    __asm___6_port_c_39a90d8d__prvStartFirstTask 0x080001e1   Thumb Code    36  port.o(.emb_text)
    __asm___6_port_c_39a90d8d__prvEnableVFP  0x08000209   Thumb Code    16  port.o(.emb_text)
    PendSV_Handler                           0x0800021d   Thumb Code    88  port.o(.emb_text)
    vPortGetIPSR                             0x08000279   Thumb Code     6  port.o(.emb_text)
    Reset_Handler                            0x08000281   Thumb Code     8  startup_stm32f427xx.o(.text)
    ADC_IRQHandler                           0x0800029b   Thumb Code     0  startup_stm32f427xx.o(.text)
    CAN1_RX1_IRQHandler                      0x0800029b   Thumb Code     0  startup_stm32f427xx.o(.text)
    CAN1_SCE_IRQHandler                      0x0800029b   Thumb Code     0  startup_stm32f427xx.o(.text)
    CAN2_RX1_IRQHandler                      0x0800029b   Thumb Code     0  startup_stm32f427xx.o(.text)
    CAN2_SCE_IRQHandler                      0x0800029b   Thumb Code     0  startup_stm32f427xx.o(.text)
    DCMI_IRQHandler                          0x0800029b   Thumb Code     0  startup_stm32f427xx.o(.text)
    DMA1_Stream0_IRQHandler                  0x0800029b   Thumb Code     0  startup_stm32f427xx.o(.text)
    DMA1_Stream1_IRQHandler                  0x0800029b   Thumb Code     0  startup_stm32f427xx.o(.text)
    DMA1_Stream2_IRQHandler                  0x0800029b   Thumb Code     0  startup_stm32f427xx.o(.text)
    DMA1_Stream3_IRQHandler                  0x0800029b   Thumb Code     0  startup_stm32f427xx.o(.text)
    DMA1_Stream4_IRQHandler                  0x0800029b   Thumb Code     0  startup_stm32f427xx.o(.text)
    DMA1_Stream5_IRQHandler                  0x0800029b   Thumb Code     0  startup_stm32f427xx.o(.text)
    DMA1_Stream6_IRQHandler                  0x0800029b   Thumb Code     0  startup_stm32f427xx.o(.text)
    DMA1_Stream7_IRQHandler                  0x0800029b   Thumb Code     0  startup_stm32f427xx.o(.text)
    DMA2D_IRQHandler                         0x0800029b   Thumb Code     0  startup_stm32f427xx.o(.text)
    DMA2_Stream0_IRQHandler                  0x0800029b   Thumb Code     0  startup_stm32f427xx.o(.text)
    DMA2_Stream1_IRQHandler                  0x0800029b   Thumb Code     0  startup_stm32f427xx.o(.text)
    DMA2_Stream3_IRQHandler                  0x0800029b   Thumb Code     0  startup_stm32f427xx.o(.text)
    DMA2_Stream4_IRQHandler                  0x0800029b   Thumb Code     0  startup_stm32f427xx.o(.text)
    DMA2_Stream5_IRQHandler                  0x0800029b   Thumb Code     0  startup_stm32f427xx.o(.text)
    DMA2_Stream6_IRQHandler                  0x0800029b   Thumb Code     0  startup_stm32f427xx.o(.text)
    DMA2_Stream7_IRQHandler                  0x0800029b   Thumb Code     0  startup_stm32f427xx.o(.text)
    ETH_IRQHandler                           0x0800029b   Thumb Code     0  startup_stm32f427xx.o(.text)
    ETH_WKUP_IRQHandler                      0x0800029b   Thumb Code     0  startup_stm32f427xx.o(.text)
    EXTI0_IRQHandler                         0x0800029b   Thumb Code     0  startup_stm32f427xx.o(.text)
    EXTI15_10_IRQHandler                     0x0800029b   Thumb Code     0  startup_stm32f427xx.o(.text)
    EXTI1_IRQHandler                         0x0800029b   Thumb Code     0  startup_stm32f427xx.o(.text)
    EXTI2_IRQHandler                         0x0800029b   Thumb Code     0  startup_stm32f427xx.o(.text)
    EXTI3_IRQHandler                         0x0800029b   Thumb Code     0  startup_stm32f427xx.o(.text)
    EXTI4_IRQHandler                         0x0800029b   Thumb Code     0  startup_stm32f427xx.o(.text)
    EXTI9_5_IRQHandler                       0x0800029b   Thumb Code     0  startup_stm32f427xx.o(.text)
    FLASH_IRQHandler                         0x0800029b   Thumb Code     0  startup_stm32f427xx.o(.text)
    FMC_IRQHandler                           0x0800029b   Thumb Code     0  startup_stm32f427xx.o(.text)
    FPU_IRQHandler                           0x0800029b   Thumb Code     0  startup_stm32f427xx.o(.text)
    HASH_RNG_IRQHandler                      0x0800029b   Thumb Code     0  startup_stm32f427xx.o(.text)
    I2C1_ER_IRQHandler                       0x0800029b   Thumb Code     0  startup_stm32f427xx.o(.text)
    I2C1_EV_IRQHandler                       0x0800029b   Thumb Code     0  startup_stm32f427xx.o(.text)
    I2C2_ER_IRQHandler                       0x0800029b   Thumb Code     0  startup_stm32f427xx.o(.text)
    I2C2_EV_IRQHandler                       0x0800029b   Thumb Code     0  startup_stm32f427xx.o(.text)
    I2C3_ER_IRQHandler                       0x0800029b   Thumb Code     0  startup_stm32f427xx.o(.text)
    I2C3_EV_IRQHandler                       0x0800029b   Thumb Code     0  startup_stm32f427xx.o(.text)
    OTG_FS_IRQHandler                        0x0800029b   Thumb Code     0  startup_stm32f427xx.o(.text)
    OTG_FS_WKUP_IRQHandler                   0x0800029b   Thumb Code     0  startup_stm32f427xx.o(.text)
    OTG_HS_EP1_IN_IRQHandler                 0x0800029b   Thumb Code     0  startup_stm32f427xx.o(.text)
    OTG_HS_EP1_OUT_IRQHandler                0x0800029b   Thumb Code     0  startup_stm32f427xx.o(.text)
    OTG_HS_IRQHandler                        0x0800029b   Thumb Code     0  startup_stm32f427xx.o(.text)
    OTG_HS_WKUP_IRQHandler                   0x0800029b   Thumb Code     0  startup_stm32f427xx.o(.text)
    PVD_IRQHandler                           0x0800029b   Thumb Code     0  startup_stm32f427xx.o(.text)
    RCC_IRQHandler                           0x0800029b   Thumb Code     0  startup_stm32f427xx.o(.text)
    RTC_Alarm_IRQHandler                     0x0800029b   Thumb Code     0  startup_stm32f427xx.o(.text)
    RTC_WKUP_IRQHandler                      0x0800029b   Thumb Code     0  startup_stm32f427xx.o(.text)
    SAI1_IRQHandler                          0x0800029b   Thumb Code     0  startup_stm32f427xx.o(.text)
    SDIO_IRQHandler                          0x0800029b   Thumb Code     0  startup_stm32f427xx.o(.text)
    SPI1_IRQHandler                          0x0800029b   Thumb Code     0  startup_stm32f427xx.o(.text)
    SPI2_IRQHandler                          0x0800029b   Thumb Code     0  startup_stm32f427xx.o(.text)
    SPI3_IRQHandler                          0x0800029b   Thumb Code     0  startup_stm32f427xx.o(.text)
    SPI4_IRQHandler                          0x0800029b   Thumb Code     0  startup_stm32f427xx.o(.text)
    SPI5_IRQHandler                          0x0800029b   Thumb Code     0  startup_stm32f427xx.o(.text)
    SPI6_IRQHandler                          0x0800029b   Thumb Code     0  startup_stm32f427xx.o(.text)
    TAMP_STAMP_IRQHandler                    0x0800029b   Thumb Code     0  startup_stm32f427xx.o(.text)
    TIM1_BRK_TIM9_IRQHandler                 0x0800029b   Thumb Code     0  startup_stm32f427xx.o(.text)
    TIM1_CC_IRQHandler                       0x0800029b   Thumb Code     0  startup_stm32f427xx.o(.text)
    TIM1_TRG_COM_TIM11_IRQHandler            0x0800029b   Thumb Code     0  startup_stm32f427xx.o(.text)
    TIM1_UP_TIM10_IRQHandler                 0x0800029b   Thumb Code     0  startup_stm32f427xx.o(.text)
    TIM2_IRQHandler                          0x0800029b   Thumb Code     0  startup_stm32f427xx.o(.text)
    TIM3_IRQHandler                          0x0800029b   Thumb Code     0  startup_stm32f427xx.o(.text)
    TIM4_IRQHandler                          0x0800029b   Thumb Code     0  startup_stm32f427xx.o(.text)
    TIM5_IRQHandler                          0x0800029b   Thumb Code     0  startup_stm32f427xx.o(.text)
    TIM6_DAC_IRQHandler                      0x0800029b   Thumb Code     0  startup_stm32f427xx.o(.text)
    TIM7_IRQHandler                          0x0800029b   Thumb Code     0  startup_stm32f427xx.o(.text)
    TIM8_BRK_TIM12_IRQHandler                0x0800029b   Thumb Code     0  startup_stm32f427xx.o(.text)
    TIM8_CC_IRQHandler                       0x0800029b   Thumb Code     0  startup_stm32f427xx.o(.text)
    TIM8_TRG_COM_TIM14_IRQHandler            0x0800029b   Thumb Code     0  startup_stm32f427xx.o(.text)
    UART4_IRQHandler                         0x0800029b   Thumb Code     0  startup_stm32f427xx.o(.text)
    UART5_IRQHandler                         0x0800029b   Thumb Code     0  startup_stm32f427xx.o(.text)
    UART7_IRQHandler                         0x0800029b   Thumb Code     0  startup_stm32f427xx.o(.text)
    UART8_IRQHandler                         0x0800029b   Thumb Code     0  startup_stm32f427xx.o(.text)
    USART3_IRQHandler                        0x0800029b   Thumb Code     0  startup_stm32f427xx.o(.text)
    WWDG_IRQHandler                          0x0800029b   Thumb Code     0  startup_stm32f427xx.o(.text)
    __aeabi_uldivmod                         0x080002a5   Thumb Code    98  uldiv.o(.text)
    __aeabi_memcpy                           0x08000307   Thumb Code    36  memcpya.o(.text)
    __aeabi_memcpy4                          0x08000307   Thumb Code     0  memcpya.o(.text)
    __aeabi_memcpy8                          0x08000307   Thumb Code     0  memcpya.o(.text)
    __aeabi_memset                           0x0800032b   Thumb Code    14  memseta.o(.text)
    __aeabi_memset4                          0x0800032b   Thumb Code     0  memseta.o(.text)
    __aeabi_memset8                          0x0800032b   Thumb Code     0  memseta.o(.text)
    __aeabi_memclr                           0x08000339   Thumb Code     4  memseta.o(.text)
    __aeabi_memclr4                          0x08000339   Thumb Code     0  memseta.o(.text)
    __aeabi_memclr8                          0x08000339   Thumb Code     0  memseta.o(.text)
    memset                                   0x0800033d   Thumb Code    18  memseta.o(.text)
    __aeabi_dmul                             0x0800034f   Thumb Code   228  dmul.o(.text)
    __aeabi_i2d                              0x08000433   Thumb Code    34  dflti.o(.text)
    __aeabi_ui2d                             0x08000455   Thumb Code    26  dfltui.o(.text)
    __aeabi_f2d                              0x0800046f   Thumb Code    38  f2d.o(.text)
    __aeabi_cdrcmple                         0x08000495   Thumb Code    48  cdrcmple.o(.text)
    __aeabi_d2f                              0x080004c5   Thumb Code    56  d2f.o(.text)
    __aeabi_llsl                             0x080004fd   Thumb Code    30  llshl.o(.text)
    _ll_shift_l                              0x080004fd   Thumb Code     0  llshl.o(.text)
    __aeabi_llsr                             0x0800051b   Thumb Code    32  llushr.o(.text)
    _ll_ushift_r                             0x0800051b   Thumb Code     0  llushr.o(.text)
    __I$use$fp                               0x0800053b   Thumb Code     0  iusefp.o(.text)
    _float_round                             0x0800053b   Thumb Code    18  fepilogue.o(.text)
    _float_epilogue                          0x0800054d   Thumb Code    92  fepilogue.o(.text)
    _double_round                            0x080005a9   Thumb Code    30  depilogue.o(.text)
    _double_epilogue                         0x080005c7   Thumb Code   156  depilogue.o(.text)
    __aeabi_dadd                             0x08000663   Thumb Code   322  dadd.o(.text)
    __aeabi_dsub                             0x080007a5   Thumb Code     6  dadd.o(.text)
    __aeabi_drsub                            0x080007ab   Thumb Code     6  dadd.o(.text)
    __aeabi_ddiv                             0x080007b1   Thumb Code   222  ddiv.o(.text)
    __ARM_scalbn                             0x0800088f   Thumb Code    46  dscalb.o(.text)
    scalbn                                   0x0800088f   Thumb Code     0  dscalb.o(.text)
    _dsqrt                                   0x080008bd   Thumb Code   162  dsqrt.o(.text)
    __scatterload                            0x08000961   Thumb Code    28  init.o(.text)
    __scatterload_rt2                        0x08000961   Thumb Code     0  init.o(.text)
    __aeabi_lasr                             0x08000985   Thumb Code    36  llsshr.o(.text)
    _ll_sshift_r                             0x08000985   Thumb Code     0  llsshr.o(.text)
    Block_up_task                            0x080009a9   Thumb Code    72  other_action.o(i.Block_up_task)
    BusFault_Handler                         0x080009f9   Thumb Code     2  stm32f4xx_it.o(i.BusFault_Handler)
    CAN1_FILTER_CONFIG                       0x080009fd   Thumb Code    60  bsp_can.o(i.CAN1_FILTER_CONFIG)
    CAN1_RX0_IRQHandler                      0x08000a3d   Thumb Code     6  stm32f4xx_it.o(i.CAN1_RX0_IRQHandler)
    CAN1_TX_IRQHandler                       0x08000a49   Thumb Code     6  stm32f4xx_it.o(i.CAN1_TX_IRQHandler)
    CAN2_FILTER_CONFIG                       0x08000a55   Thumb Code    62  bsp_can.o(i.CAN2_FILTER_CONFIG)
    CAN2_RX0_IRQHandler                      0x08000a99   Thumb Code     6  stm32f4xx_it.o(i.CAN2_RX0_IRQHandler)
    CAN2_TX_IRQHandler                       0x08000aa5   Thumb Code     6  stm32f4xx_it.o(i.CAN2_TX_IRQHandler)
    Chassis_Task                             0x08000ab1   Thumb Code    12  freertos.o(i.Chassis_Task)
    DMA2_Stream2_IRQHandler                  0x08000abd   Thumb Code     6  stm32f4xx_it.o(i.DMA2_Stream2_IRQHandler)
    DebugMon_Handler                         0x08000b6d   Thumb Code     2  stm32f4xx_it.o(i.DebugMon_Handler)
    Error_Handler                            0x08000b6f   Thumb Code     2  main.o(i.Error_Handler)
    Get_all_task                             0x08000b71   Thumb Code    18  centre.o(i.Get_all_task)
    Get_task                                 0x08000b83   Thumb Code    12  freertos.o(i.Get_task)
    HAL_CAN_ActivateNotification             0x08000b8f   Thumb Code    36  stm32f4xx_hal_can.o(i.HAL_CAN_ActivateNotification)
    HAL_CAN_AddTxMessage                     0x08000bb3   Thumb Code   200  stm32f4xx_hal_can.o(i.HAL_CAN_AddTxMessage)
    HAL_CAN_ConfigFilter                     0x08000c7d   Thumb Code   262  stm32f4xx_hal_can.o(i.HAL_CAN_ConfigFilter)
    HAL_CAN_ErrorCallback                    0x08000d89   Thumb Code     2  stm32f4xx_hal_can.o(i.HAL_CAN_ErrorCallback)
    HAL_CAN_GetRxMessage                     0x08000d8b   Thumb Code   232  stm32f4xx_hal_can.o(i.HAL_CAN_GetRxMessage)
    HAL_CAN_IRQHandler                       0x08000e73   Thumb Code   508  stm32f4xx_hal_can.o(i.HAL_CAN_IRQHandler)
    HAL_CAN_Init                             0x0800106f   Thumb Code   282  stm32f4xx_hal_can.o(i.HAL_CAN_Init)
    HAL_CAN_MspInit                          0x08001189   Thumb Code   260  can.o(i.HAL_CAN_MspInit)
    HAL_CAN_RxFifo0FullCallback              0x080012a5   Thumb Code     2  stm32f4xx_hal_can.o(i.HAL_CAN_RxFifo0FullCallback)
    HAL_CAN_RxFifo0MsgPendingCallback        0x080012a9   Thumb Code   230  bsp_can.o(i.HAL_CAN_RxFifo0MsgPendingCallback)
    HAL_CAN_RxFifo1FullCallback              0x080013b1   Thumb Code     2  stm32f4xx_hal_can.o(i.HAL_CAN_RxFifo1FullCallback)
    HAL_CAN_RxFifo1MsgPendingCallback        0x080013b3   Thumb Code     2  stm32f4xx_hal_can.o(i.HAL_CAN_RxFifo1MsgPendingCallback)
    HAL_CAN_SleepCallback                    0x080013b5   Thumb Code     2  stm32f4xx_hal_can.o(i.HAL_CAN_SleepCallback)
    HAL_CAN_Start                            0x080013b9   Thumb Code    88  stm32f4xx_hal_can.o(i.HAL_CAN_Start)
    HAL_CAN_TxMailbox0AbortCallback          0x08001411   Thumb Code     2  stm32f4xx_hal_can.o(i.HAL_CAN_TxMailbox0AbortCallback)
    HAL_CAN_TxMailbox0CompleteCallback       0x08001413   Thumb Code     2  stm32f4xx_hal_can.o(i.HAL_CAN_TxMailbox0CompleteCallback)
    HAL_CAN_TxMailbox1AbortCallback          0x08001415   Thumb Code     2  stm32f4xx_hal_can.o(i.HAL_CAN_TxMailbox1AbortCallback)
    HAL_CAN_TxMailbox1CompleteCallback       0x08001417   Thumb Code     2  stm32f4xx_hal_can.o(i.HAL_CAN_TxMailbox1CompleteCallback)
    HAL_CAN_TxMailbox2AbortCallback          0x08001419   Thumb Code     2  stm32f4xx_hal_can.o(i.HAL_CAN_TxMailbox2AbortCallback)
    HAL_CAN_TxMailbox2CompleteCallback       0x0800141b   Thumb Code     2  stm32f4xx_hal_can.o(i.HAL_CAN_TxMailbox2CompleteCallback)
    HAL_CAN_WakeUpFromRxMsgCallback          0x0800141d   Thumb Code     2  stm32f4xx_hal_can.o(i.HAL_CAN_WakeUpFromRxMsgCallback)
    HAL_DMA_Abort                            0x0800141f   Thumb Code   146  stm32f4xx_hal_dma.o(i.HAL_DMA_Abort)
    HAL_DMA_Abort_IT                         0x080014b1   Thumb Code    36  stm32f4xx_hal_dma.o(i.HAL_DMA_Abort_IT)
    HAL_DMA_IRQHandler                       0x080014d5   Thumb Code   412  stm32f4xx_hal_dma.o(i.HAL_DMA_IRQHandler)
    HAL_DMA_Init                             0x08001675   Thumb Code   206  stm32f4xx_hal_dma.o(i.HAL_DMA_Init)
    HAL_DMA_Start                            0x08001749   Thumb Code    70  stm32f4xx_hal_dma.o(i.HAL_DMA_Start)
    HAL_Delay                                0x08001791   Thumb Code    32  stm32f4xx_hal.o(i.HAL_Delay)
    HAL_GPIO_Init                            0x080017b5   Thumb Code   510  stm32f4xx_hal_gpio.o(i.HAL_GPIO_Init)
    HAL_GPIO_ReadPin                         0x080019e9   Thumb Code    10  stm32f4xx_hal_gpio.o(i.HAL_GPIO_ReadPin)
    HAL_GPIO_TogglePin                       0x080019f3   Thumb Code    16  stm32f4xx_hal_gpio.o(i.HAL_GPIO_TogglePin)
    HAL_GPIO_WritePin                        0x08001a03   Thumb Code    10  stm32f4xx_hal_gpio.o(i.HAL_GPIO_WritePin)
    HAL_GetTick                              0x08001a0d   Thumb Code     6  stm32f4xx_hal.o(i.HAL_GetTick)
    HAL_IncTick                              0x08001a19   Thumb Code    12  stm32f4xx_hal.o(i.HAL_IncTick)
    HAL_Init                                 0x08001a29   Thumb Code    48  stm32f4xx_hal.o(i.HAL_Init)
    HAL_InitTick                             0x08001a5d   Thumb Code   100  stm32f4xx_hal_timebase_tim.o(i.HAL_InitTick)
    HAL_MspInit                              0x08001ad1   Thumb Code    52  stm32f4xx_hal_msp.o(i.HAL_MspInit)
    HAL_NVIC_EnableIRQ                       0x08001b09   Thumb Code    26  stm32f4xx_hal_cortex.o(i.HAL_NVIC_EnableIRQ)
    HAL_NVIC_SetPriority                     0x08001b25   Thumb Code    60  stm32f4xx_hal_cortex.o(i.HAL_NVIC_SetPriority)
    HAL_NVIC_SetPriorityGrouping             0x08001b65   Thumb Code    26  stm32f4xx_hal_cortex.o(i.HAL_NVIC_SetPriorityGrouping)
    HAL_PWREx_EnableOverDrive                0x08001b89   Thumb Code    98  stm32f4xx_hal_pwr_ex.o(i.HAL_PWREx_EnableOverDrive)
    HAL_RCC_ClockConfig                      0x08001bf9   Thumb Code   288  stm32f4xx_hal_rcc.o(i.HAL_RCC_ClockConfig)
    HAL_RCC_GetClockConfig                   0x08001d2d   Thumb Code    54  stm32f4xx_hal_rcc.o(i.HAL_RCC_GetClockConfig)
    HAL_RCC_GetPCLK1Freq                     0x08001d6d   Thumb Code    20  stm32f4xx_hal_rcc.o(i.HAL_RCC_GetPCLK1Freq)
    HAL_RCC_GetPCLK2Freq                     0x08001d8d   Thumb Code    20  stm32f4xx_hal_rcc.o(i.HAL_RCC_GetPCLK2Freq)
    HAL_RCC_GetSysClockFreq                  0x08001dad   Thumb Code    88  stm32f4xx_hal_rcc.o(i.HAL_RCC_GetSysClockFreq)
    HAL_RCC_OscConfig                        0x08001e11   Thumb Code   856  stm32f4xx_hal_rcc.o(i.HAL_RCC_OscConfig)
    HAL_SPI_Init                             0x0800217d   Thumb Code   188  stm32f4xx_hal_spi.o(i.HAL_SPI_Init)
    HAL_SPI_MspInit                          0x08002239   Thumb Code    94  spi.o(i.HAL_SPI_MspInit)
    HAL_TIMEx_BreakCallback                  0x080022a5   Thumb Code     2  stm32f4xx_hal_tim_ex.o(i.HAL_TIMEx_BreakCallback)
    HAL_TIMEx_CommutCallback                 0x080022a7   Thumb Code     2  stm32f4xx_hal_tim_ex.o(i.HAL_TIMEx_CommutCallback)
    HAL_TIMEx_MasterConfigSynchronization    0x080022a9   Thumb Code   116  stm32f4xx_hal_tim_ex.o(i.HAL_TIMEx_MasterConfigSynchronization)
    HAL_TIM_Base_Init                        0x08002339   Thumb Code    90  stm32f4xx_hal_tim.o(i.HAL_TIM_Base_Init)
    HAL_TIM_Base_MspInit                     0x08002395   Thumb Code   112  tim.o(i.HAL_TIM_Base_MspInit)
    HAL_TIM_Base_Start_IT                    0x08002411   Thumb Code   100  stm32f4xx_hal_tim.o(i.HAL_TIM_Base_Start_IT)
    HAL_TIM_ConfigClockSource                0x08002491   Thumb Code   220  stm32f4xx_hal_tim.o(i.HAL_TIM_ConfigClockSource)
    HAL_TIM_IC_CaptureCallback               0x0800256d   Thumb Code    82  remote_control.o(i.HAL_TIM_IC_CaptureCallback)
    HAL_TIM_IRQHandler                       0x080025cd   Thumb Code   358  stm32f4xx_hal_tim.o(i.HAL_TIM_IRQHandler)
    HAL_TIM_MspPostInit                      0x08002735   Thumb Code   112  tim.o(i.HAL_TIM_MspPostInit)
    HAL_TIM_OC_DelayElapsedCallback          0x080027b5   Thumb Code     2  stm32f4xx_hal_tim.o(i.HAL_TIM_OC_DelayElapsedCallback)
    HAL_TIM_PWM_ConfigChannel                0x080027b7   Thumb Code   204  stm32f4xx_hal_tim.o(i.HAL_TIM_PWM_ConfigChannel)
    HAL_TIM_PWM_Init                         0x08002883   Thumb Code    90  stm32f4xx_hal_tim.o(i.HAL_TIM_PWM_Init)
    HAL_TIM_PWM_MspInit                      0x080028dd   Thumb Code     2  stm32f4xx_hal_tim.o(i.HAL_TIM_PWM_MspInit)
    HAL_TIM_PWM_PulseFinishedCallback        0x080028df   Thumb Code     2  stm32f4xx_hal_tim.o(i.HAL_TIM_PWM_PulseFinishedCallback)
    HAL_TIM_PWM_Start                        0x080028e1   Thumb Code   172  stm32f4xx_hal_tim.o(i.HAL_TIM_PWM_Start)
    HAL_TIM_PeriodElapsedCallback            0x080029a9   Thumb Code    14  main.o(i.HAL_TIM_PeriodElapsedCallback)
    HAL_TIM_TriggerCallback                  0x080029bd   Thumb Code     2  stm32f4xx_hal_tim.o(i.HAL_TIM_TriggerCallback)
    HAL_UARTEx_RxEventCallback               0x080029bf   Thumb Code     2  stm32f4xx_hal_uart.o(i.HAL_UARTEx_RxEventCallback)
    HAL_UART_ErrorCallback                   0x080029c1   Thumb Code     2  stm32f4xx_hal_uart.o(i.HAL_UART_ErrorCallback)
    HAL_UART_IRQHandler                      0x080029c5   Thumb Code   610  stm32f4xx_hal_uart.o(i.HAL_UART_IRQHandler)
    HAL_UART_Init                            0x08002c2d   Thumb Code    98  stm32f4xx_hal_uart.o(i.HAL_UART_Init)
    HAL_UART_MspInit                         0x08002c91   Thumb Code   374  usart.o(i.HAL_UART_MspInit)
    HAL_UART_Receive_IT_IDLE                 0x08002e35   Thumb Code    18  bsp_usart.o(i.HAL_UART_Receive_IT_IDLE)
    HAL_UART_RxCpltCallback                  0x08002e47   Thumb Code     2  stm32f4xx_hal_uart.o(i.HAL_UART_RxCpltCallback)
    HAL_UART_Transmit                        0x08002e49   Thumb Code   178  stm32f4xx_hal_uart.o(i.HAL_UART_Transmit)
    HAL_UART_TxCpltCallback                  0x08002efb   Thumb Code     2  stm32f4xx_hal_uart.o(i.HAL_UART_TxCpltCallback)
    HardFault_Handler                        0x08002efd   Thumb Code     2  stm32f4xx_it.o(i.HardFault_Handler)
    Key_Task                                 0x08002eff   Thumb Code    12  freertos.o(i.Key_Task)
    Lift_task                                0x08002f0d   Thumb Code   340  get.o(i.Lift_task)
    MX_CAN1_Init                             0x0800308d   Thumb Code    60  can.o(i.MX_CAN1_Init)
    MX_CAN2_Init                             0x080030d1   Thumb Code    60  can.o(i.MX_CAN2_Init)
    MX_DMA_Init                              0x08003115   Thumb Code    40  dma.o(i.MX_DMA_Init)
    MX_FREERTOS_Init                         0x08003141   Thumb Code    96  freertos.o(i.MX_FREERTOS_Init)
    MX_GPIO_Init                             0x080031a9   Thumb Code   434  gpio.o(i.MX_GPIO_Init)
    MX_SPI5_Init                             0x08003375   Thumb Code    60  spi.o(i.MX_SPI5_Init)
    MX_TIM2_Init                             0x080033b9   Thumb Code   164  tim.o(i.MX_TIM2_Init)
    MX_TIM4_Init                             0x08003461   Thumb Code   178  tim.o(i.MX_TIM4_Init)
    MX_UART8_Init                            0x0800351d   Thumb Code    48  usart.o(i.MX_UART8_Init)
    MX_USART1_UART_Init                      0x08003555   Thumb Code    50  usart.o(i.MX_USART1_UART_Init)
    MX_USART2_UART_Init                      0x08003595   Thumb Code    48  usart.o(i.MX_USART2_UART_Init)
    MX_USART6_UART_Init                      0x080035cd   Thumb Code    48  usart.o(i.MX_USART6_UART_Init)
    MemManage_Handler                        0x08003605   Thumb Code     2  stm32f4xx_it.o(i.MemManage_Handler)
    NMI_Handler                              0x08003607   Thumb Code     2  stm32f4xx_it.o(i.NMI_Handler)
    Niming_send                              0x08003609   Thumb Code    94  user_lib.o(i.Niming_send)
    Other_action                             0x08003671   Thumb Code    26  other_action.o(i.Other_action)
    Other_all_task                           0x0800368b   Thumb Code     4  centre.o(i.Other_all_task)
    Other_task                               0x0800368f   Thumb Code    12  freertos.o(i.Other_task)
    Other_task_init                          0x0800369b   Thumb Code    22  other_action.o(i.Other_task_init)
    PIN_change                               0x080036b1   Thumb Code   136  other_action.o(i.PIN_change)
    SET_CAN1Ahead_MOTOR_CURRENT              0x0800374d   Thumb Code    64  bsp_can.o(i.SET_CAN1Ahead_MOTOR_CURRENT)
    SET_CAN1Back_MOTOR_CURRENT               0x08003799   Thumb Code    64  bsp_can.o(i.SET_CAN1Back_MOTOR_CURRENT)
    SET_CAN2Ahead_MOTOR_CURRENT              0x080037e5   Thumb Code    64  bsp_can.o(i.SET_CAN2Ahead_MOTOR_CURRENT)
    SET_CAN2Back_MOTOR_CURRENT               0x08003831   Thumb Code    64  bsp_can.o(i.SET_CAN2Back_MOTOR_CURRENT)
    SysTick_Handler                          0x0800387d   Thumb Code    38  port.o(i.SysTick_Handler)
    SystemClock_Config                       0x080038a9   Thumb Code   128  main.o(i.SystemClock_Config)
    SystemInit                               0x08003931   Thumb Code    22  system_stm32f4xx.o(i.SystemInit)
    TIM8_UP_TIM13_IRQHandler                 0x0800394d   Thumb Code     6  stm32f4xx_it.o(i.TIM8_UP_TIM13_IRQHandler)
    TIM_Base_SetConfig                       0x08003959   Thumb Code   156  stm32f4xx_hal_tim.o(i.TIM_Base_SetConfig)
    TIM_CCxChannelCmd                        0x08003a21   Thumb Code    26  stm32f4xx_hal_tim.o(i.TIM_CCxChannelCmd)
    TIM_ETR_SetConfig                        0x08003a3b   Thumb Code    20  stm32f4xx_hal_tim.o(i.TIM_ETR_SetConfig)
    TIM_OC2_SetConfig                        0x08003ac1   Thumb Code    98  stm32f4xx_hal_tim.o(i.TIM_OC2_SetConfig)
    UART_Receive_DMA_NoIT                    0x08003c89   Thumb Code   120  bsp_usart.o(i.UART_Receive_DMA_NoIT)
    USART1_IRQHandler                        0x08003f45   Thumb Code     6  stm32f4xx_it.o(i.USART1_IRQHandler)
    USART2_IRQHandler                        0x08003f51   Thumb Code     6  stm32f4xx_it.o(i.USART2_IRQHandler)
    USART6_IRQHandler                        0x08003f5d   Thumb Code     6  stm32f4xx_it.o(i.USART6_IRQHandler)
    UsageFault_Handler                       0x08003f69   Thumb Code     2  stm32f4xx_it.o(i.UsageFault_Handler)
    __ARM_fpclassify                         0x08003f6b   Thumb Code    48  fpclassify.o(i.__ARM_fpclassify)
    __hardfp_pow                             0x08003fc1   Thumb Code  3072  pow.o(i.__hardfp_pow)
    __kernel_poly                            0x08004c11   Thumb Code   248  poly.o(i.__kernel_poly)
    __mathlib_dbl_divzero                    0x08004d09   Thumb Code    28  dunder.o(i.__mathlib_dbl_divzero)
    __mathlib_dbl_infnan2                    0x08004d39   Thumb Code    20  dunder.o(i.__mathlib_dbl_infnan2)
    __mathlib_dbl_invalid                    0x08004d51   Thumb Code    24  dunder.o(i.__mathlib_dbl_invalid)
    __mathlib_dbl_overflow                   0x08004d71   Thumb Code    24  dunder.o(i.__mathlib_dbl_overflow)
    __mathlib_dbl_underflow                  0x08004d91   Thumb Code    24  dunder.o(i.__mathlib_dbl_underflow)
    __scatterload_copy                       0x08004db1   Thumb Code    14  handlers.o(i.__scatterload_copy)
    __scatterload_null                       0x08004dbf   Thumb Code     2  handlers.o(i.__scatterload_null)
    __scatterload_zeroinit                   0x08004dc1   Thumb Code    14  handlers.o(i.__scatterload_zeroinit)
    __set_errno                              0x08004dd1   Thumb Code     6  errno.o(i.__set_errno)
    base_init                                0x08004ddd   Thumb Code    74  centre.o(i.base_init)
    block_moto_init                          0x08004e4d   Thumb Code    54  other_action.o(i.block_moto_init)
    block_moto_speed_change                  0x08004e99   Thumb Code    30  other_action.o(i.block_moto_speed_change)
    block_up_init                            0x08004ebd   Thumb Code    20  other_action.o(i.block_up_init)
    chassis_all_task                         0x08004ed5   Thumb Code     4  centre.o(i.chassis_all_task)
    chassis_caculate                         0x08004ed9   Thumb Code   112  chassis.o(i.chassis_caculate)
    chassis_init                             0x08004f51   Thumb Code   144  chassis.o(i.chassis_init)
    chassis_key                              0x08005001   Thumb Code   172  chassis.o(i.chassis_key)
    chassis_max_speed                        0x080050c1   Thumb Code    42  chassis.o(i.chassis_max_speed)
    chassis_task                             0x080050f5   Thumb Code   340  chassis.o(i.chassis_task)
    deal_block_task                          0x08005261   Thumb Code   224  other_action.o(i.deal_block_task)
    fabs                                     0x08005375   Thumb Code    24  fabs.o(i.fabs)
    first_order_filter_cali                  0x0800538d   Thumb Code    80  user_lib.o(i.first_order_filter_cali)
    first_order_filter_init                  0x080053dd   Thumb Code    20  user_lib.o(i.first_order_filter_init)
    get_init                                 0x080053f1   Thumb Code   300  get.o(i.get_init)
    get_moto_measure                         0x08005545   Thumb Code    76  bsp_can.o(i.get_moto_measure)
    get_task                                 0x08005591   Thumb Code  4908  get.o(i.get_task)
    get_task_init                            0x080068d5   Thumb Code    14  get.o(i.get_task_init)
    help_air_task                            0x080068e5   Thumb Code    30  other_action.o(i.help_air_task)
    help_card_init                           0x0800690d   Thumb Code   222  other_action.o(i.help_card_init)
    help_card_task                           0x08006a11   Thumb Code    66  other_action.o(i.help_card_task)
    key_all_task                             0x08006a75   Thumb Code     4  centre.o(i.key_all_task)
    key_init                                 0x08006a79   Thumb Code     8  key_1.o(i.key_init)
    key_task                                 0x08006a85   Thumb Code   630  key_1.o(i.key_task)
    lift_total_angle_update                  0x08006d0d   Thumb Code    22  get.o(i.lift_total_angle_update)
    limit                                    0x08006d29   Thumb Code    42  pid_1.o(i.limit)
    limit_moto                               0x08006d55   Thumb Code   308  user_lib.o(i.limit_moto)
    main                                     0x08006eb1   Thumb Code    76  main.o(i.main)
    moto_reset                               0x08006f09   Thumb Code    50  other_action.o(i.moto_reset)
    osDelay                                  0x08006f49   Thumb Code    14  cmsis_os.o(i.osDelay)
    osKernelStart                            0x08006f57   Thumb Code    10  cmsis_os.o(i.osKernelStart)
    osThreadCreate                           0x08006f61   Thumb Code    84  cmsis_os.o(i.osThreadCreate)
    pid_calculate                            0x08006fb5   Thumb Code   254  pid_1.o(i.pid_calculate)
    pid_init                                 0x080070c5   Thumb Code    12  pid_1.o(i.pid_init)
    pid_param_init                           0x080070d9   Thumb Code    26  pid_1.o(i.pid_param_init)
    pvPortMalloc                             0x08007441   Thumb Code   216  heap_4.o(i.pvPortMalloc)
    pxPortInitialiseStack                    0x0800751d   Thumb Code    40  port.o(i.pxPortInitialiseStack)
    ramp_calc                                0x08007549   Thumb Code   134  user_lib.o(i.ramp_calc)
    ramp_init                                0x080075d9   Thumb Code    26  user_lib.o(i.ramp_init)
    spin_moto_find_set                       0x080075f5   Thumb Code   290  get.o(i.spin_moto_find_set)
    sqrt                                     0x0800773d   Thumb Code   110  sqrt.o(i.sqrt)
    steer_init                               0x080077ad   Thumb Code    30  other_action.o(i.steer_init)
    supply_task                              0x080077d1   Thumb Code    56  other_action.o(i.supply_task)
    task_init                                0x08007811   Thumb Code    22  centre.o(i.task_init)
    tp_init                                  0x08007829   Thumb Code   108  get.o(i.tp_init)
    tp_task                                  0x080078ad   Thumb Code   310  get.o(i.tp_task)
    uxListRemove                             0x08007a15   Thumb Code    38  list.o(i.uxListRemove)
    vApplicationGetIdleTaskMemory            0x08007a3d   Thumb Code    16  freertos.o(i.vApplicationGetIdleTaskMemory)
    vListInitialise                          0x08007a51   Thumb Code    22  list.o(i.vListInitialise)
    vListInitialiseItem                      0x08007a67   Thumb Code     6  list.o(i.vListInitialiseItem)
    vListInsert                              0x08007a6d   Thumb Code    48  list.o(i.vListInsert)
    vListInsertEnd                           0x08007a9d   Thumb Code    24  list.o(i.vListInsertEnd)
    vPortEnterCritical                       0x08007ab5   Thumb Code    54  port.o(i.vPortEnterCritical)
    vPortExitCritical                        0x08007af5   Thumb Code    34  port.o(i.vPortExitCritical)
    vPortFree                                0x08007b1d   Thumb Code    94  heap_4.o(i.vPortFree)
    vPortSetupTimerInterrupt                 0x08007b81   Thumb Code    32  port.o(i.vPortSetupTimerInterrupt)
    vTaskDelay                               0x08007ba5   Thumb Code    66  tasks.o(i.vTaskDelay)
    vTaskStartScheduler                      0x08007bf1   Thumb Code    90  tasks.o(i.vTaskStartScheduler)
    vTaskSuspendAll                          0x08007c5d   Thumb Code    10  tasks.o(i.vTaskSuspendAll)
    vTaskSwitchContext                       0x08007c6d   Thumb Code    82  tasks.o(i.vTaskSwitchContext)
    xPortStartScheduler                      0x08007cc9   Thumb Code   222  port.o(i.xPortStartScheduler)
    xTaskCreate                              0x08007dbd   Thumb Code    90  tasks.o(i.xTaskCreate)
    xTaskCreateStatic                        0x08007e17   Thumb Code    86  tasks.o(i.xTaskCreateStatic)
    xTaskIncrementTick                       0x08007e6d   Thumb Code   194  tasks.o(i.xTaskIncrementTick)
    xTaskResumeAll                           0x08007f39   Thumb Code   182  tasks.o(i.xTaskResumeAll)
    AHBPrescTable                            0x08008074   Data          16  system_stm32f4xx.o(.constdata)
    APBPrescTable                            0x08008084   Data           8  system_stm32f4xx.o(.constdata)
    __mathlib_zero                           0x08008118   Data           8  qnan.o(.constdata)
    Region$$Table$$Base                      0x08008138   Number         0  anon$$obj.o(Region$$Table)
    Region$$Table$$Limit                     0x08008158   Number         0  anon$$obj.o(Region$$Table)
    ChassisHandle                            0x20000000   Data           4  freertos.o(.data)
    GetHandle                                0x20000004   Data           4  freertos.o(.data)
    OtherHandle                              0x20000008   Data           4  freertos.o(.data)
    KeyHandle                                0x2000000c   Data           4  freertos.o(.data)
    uwTickFreq                               0x20000014   Data           1  stm32f4xx_hal.o(.data)
    uwTickPrio                               0x20000018   Data           4  stm32f4xx_hal.o(.data)
    uwTick                                   0x2000001c   Data           4  stm32f4xx_hal.o(.data)
    SystemCoreClock                          0x20000020   Data           4  system_stm32f4xx.o(.data)
    pxCurrentTCB                             0x20000024   Data           4  tasks.o(.data)
    HighTime                                 0x2000008c   Data           2  remote_control.o(.data)
    Latest_Remote_Control_Pack_Time          0x20000090   Data           4  remote_control.o(.data)
    LED_Flash_Timer_remote_control           0x20000094   Data           4  remote_control.o(.data)
    TIM_COUNT                                0x20000098   Data           4  remote_control.o(.data)
    FlashTimer                               0x200000ac   Data           4  bsp_can.o(.data)
    TXdata                                   0x200000b0   Data           8  bsp_can.o(.data)
    RXdata                                   0x200000b8   Data           8  bsp_can.o(.data)
    sand_key                                 0x200000c0   Data           4  key_1.o(.data)
    Max_speed                                0x200000c8   Data           2  chassis.o(.data)
    time_mark                                0x200000cc   Data           1  get.o(.data)
    KK                                       0x200000cd   Data           1  get.o(.data)
    p                                        0x200000d0   Data           4  get.o(.data)
    Ti                                       0x200000d4   Data           4  get.o(.data)
    lift_moto_start_angle                    0x200000d8   Data           8  get.o(.data)
    spin_moto_start_angle                    0x200000e0   Data           8  get.o(.data)
    block_up_flag                            0x200000e8   Data           1  other_action.o(.data)
    help_moto_start_angle                    0x200000ec   Data           4  other_action.o(.data)
    Micro_single                             0x200000f0   Data           4  other_action.o(.data)
    block_v                                  0x200000f4   Data           4  other_action.o(.data)
    hcan1                                    0x20000350   Data          40  can.o(.bss)
    hcan2                                    0x20000378   Data          40  can.o(.bss)
    hspi5                                    0x200003a0   Data          88  spi.o(.bss)
    htim2                                    0x200003f8   Data          72  tim.o(.bss)
    htim4                                    0x20000440   Data          72  tim.o(.bss)
    huart8                                   0x20000488   Data          68  usart.o(.bss)
    huart1                                   0x200004cc   Data          68  usart.o(.bss)
    huart2                                   0x20000510   Data          68  usart.o(.bss)
    huart6                                   0x20000554   Data          68  usart.o(.bss)
    hdma_usart1_rx                           0x20000598   Data          96  usart.o(.bss)
    htim8                                    0x200005f8   Data          72  stm32f4xx_hal_timebase_tim.o(.bss)
    remote_control                           0x20004330   Data          22  remote_control.o(.bss)
    chassis_moto                             0x20004348   Data         128  bsp_can.o(.bss)
    lift_moto                                0x200043c8   Data          64  bsp_can.o(.bss)
    tp_moto                                  0x20004408   Data          64  bsp_can.o(.bss)
    spin_moto                                0x20004448   Data          64  bsp_can.o(.bss)
    help_moto                                0x20004488   Data          32  bsp_can.o(.bss)
    block_moto                               0x200044a8   Data          32  bsp_can.o(.bss)
    RX1message                               0x200044c8   Data          28  bsp_can.o(.bss)
    TX1message                               0x200044e4   Data          24  bsp_can.o(.bss)
    data_to_send                             0x200044fc   Data          17  user_lib.o(.bss)
    keyboard                                 0x2000450d   Data          18  key_1.o(.bss)
    UART_Buffer                              0x2000451f   Data         100  centre.o(.bss)
    set                                      0x20004584   Data          16  chassis.o(.bss)
    chassis_moto_pid                         0x20004594   Data         416  chassis.o(.bss)
    chassis_move                             0x20004734   Data          24  chassis.o(.bss)
    chassis_slope                            0x2000474c   Data          80  chassis.o(.bss)
    first_chassis_mouse                      0x2000479c   Data          20  chassis.o(.bss)
    lift_moto_pid                            0x200047b0   Data         208  get.o(.bss)
    lift_moto_angle_pid                      0x20004880   Data         208  get.o(.bss)
    tp_moto_pid                              0x20004950   Data         208  get.o(.bss)
    spin_moto_pid                            0x20004a20   Data         208  get.o(.bss)
    spin_moto_angle_pid                      0x20004af0   Data         208  get.o(.bss)
    help_moto_pid                            0x20004bc0   Data         104  other_action.o(.bss)
    help_moto_angle_pid                      0x20004c28   Data         104  other_action.o(.bss)
    block_moto_pid                           0x20004c90   Data         104  other_action.o(.bss)
    __initial_sp                             0x200050f8   Data           0  startup_stm32f427xx.o(STACK)



==============================================================================

Memory Map of the image

  Image Entry point : 0x080001ad

  Load Region LR_IROM1 (Base: 0x08000000, Size: 0x00008254, Max: 0x00200000, ABSOLUTE)

    Execution Region ER_IROM1 (Base: 0x08000000, Size: 0x00008158, Max: 0x00200000, ABSOLUTE)

    Base Addr    Size         Type   Attr      Idx    E Section Name        Object

    0x08000000   0x000001ac   Data   RO            3    RESET               startup_stm32f427xx.o
    0x080001ac   0x00000000   Code   RO         6093  * .ARM.Collect$$$$00000000  mc_w.l(entry.o)
    0x080001ac   0x00000004   Code   RO         6151    .ARM.Collect$$$$00000001  mc_w.l(entry2.o)
    0x080001b0   0x00000004   Code   RO         6154    .ARM.Collect$$$$00000004  mc_w.l(entry5.o)
    0x080001b4   0x00000000   Code   RO         6156    .ARM.Collect$$$$00000008  mc_w.l(entry7b.o)
    0x080001b4   0x00000000   Code   RO         6158    .ARM.Collect$$$$0000000A  mc_w.l(entry8b.o)
    0x080001b4   0x00000008   Code   RO         6159    .ARM.Collect$$$$0000000B  mc_w.l(entry9a.o)
    0x080001bc   0x00000000   Code   RO         6161    .ARM.Collect$$$$0000000D  mc_w.l(entry10a.o)
    0x080001bc   0x00000000   Code   RO         6163    .ARM.Collect$$$$0000000F  mc_w.l(entry11a.o)
    0x080001bc   0x00000004   Code   RO         6152    .ARM.Collect$$$$00002712  mc_w.l(entry2.o)
    0x080001c0   0x000000be   Code   RO         5079    .emb_text           port.o
    0x0800027e   0x00000002   PAD
    0x08000280   0x00000024   Code   RO            4    .text               startup_stm32f427xx.o
    0x080002a4   0x00000062   Code   RO         6096    .text               mc_w.l(uldiv.o)
    0x08000306   0x00000024   Code   RO         6098    .text               mc_w.l(memcpya.o)
    0x0800032a   0x00000024   Code   RO         6102    .text               mc_w.l(memseta.o)
    0x0800034e   0x000000e4   Code   RO         6106    .text               mf_w.l(dmul.o)
    0x08000432   0x00000022   Code   RO         6108    .text               mf_w.l(dflti.o)
    0x08000454   0x0000001a   Code   RO         6110    .text               mf_w.l(dfltui.o)
    0x0800046e   0x00000026   Code   RO         6112    .text               mf_w.l(f2d.o)
    0x08000494   0x00000030   Code   RO         6114    .text               mf_w.l(cdrcmple.o)
    0x080004c4   0x00000038   Code   RO         6116    .text               mf_w.l(d2f.o)
    0x080004fc   0x0000001e   Code   RO         6165    .text               mc_w.l(llshl.o)
    0x0800051a   0x00000020   Code   RO         6167    .text               mc_w.l(llushr.o)
    0x0800053a   0x00000000   Code   RO         6176    .text               mc_w.l(iusefp.o)
    0x0800053a   0x0000006e   Code   RO         6177    .text               mf_w.l(fepilogue.o)
    0x080005a8   0x000000ba   Code   RO         6179    .text               mf_w.l(depilogue.o)
    0x08000662   0x0000014e   Code   RO         6181    .text               mf_w.l(dadd.o)
    0x080007b0   0x000000de   Code   RO         6183    .text               mf_w.l(ddiv.o)
    0x0800088e   0x0000002e   Code   RO         6187    .text               mf_w.l(dscalb.o)
    0x080008bc   0x000000a2   Code   RO         6189    .text               mf_w.l(dsqrt.o)
    0x0800095e   0x00000002   PAD
    0x08000960   0x00000024   Code   RO         6193    .text               mc_w.l(init.o)
    0x08000984   0x00000024   Code   RO         6195    .text               mc_w.l(llsshr.o)
    0x080009a8   0x00000050   Code   RO         5922    i.Block_up_task     other_action.o
    0x080009f8   0x00000002   Code   RO          546    i.BusFault_Handler  stm32f4xx_it.o
    0x080009fa   0x00000002   PAD
    0x080009fc   0x00000040   Code   RO         5236    i.CAN1_FILTER_CONFIG  bsp_can.o
    0x08000a3c   0x0000000c   Code   RO          547    i.CAN1_RX0_IRQHandler  stm32f4xx_it.o
    0x08000a48   0x0000000c   Code   RO          548    i.CAN1_TX_IRQHandler  stm32f4xx_it.o
    0x08000a54   0x00000044   Code   RO         5237    i.CAN2_FILTER_CONFIG  bsp_can.o
    0x08000a98   0x0000000c   Code   RO          549    i.CAN2_RX0_IRQHandler  stm32f4xx_it.o
    0x08000aa4   0x0000000c   Code   RO          550    i.CAN2_TX_IRQHandler  stm32f4xx_it.o
    0x08000ab0   0x0000000c   Code   RO          249    i.Chassis_Task      freertos.o
    0x08000abc   0x0000000c   Code   RO          551    i.DMA2_Stream2_IRQHandler  stm32f4xx_it.o
    0x08000ac8   0x00000028   Code   RO         1469    i.DMA_CalcBaseAndBitshift  stm32f4xx_hal_dma.o
    0x08000af0   0x00000054   Code   RO         1470    i.DMA_CheckFifoParam  stm32f4xx_hal_dma.o
    0x08000b44   0x00000028   Code   RO         1471    i.DMA_SetConfig     stm32f4xx_hal_dma.o
    0x08000b6c   0x00000002   Code   RO          552    i.DebugMon_Handler  stm32f4xx_it.o
    0x08000b6e   0x00000002   Code   RO           13    i.Error_Handler     main.o
    0x08000b70   0x00000012   Code   RO         5717    i.Get_all_task      centre.o
    0x08000b82   0x0000000c   Code   RO          250    i.Get_task          freertos.o
    0x08000b8e   0x00000024   Code   RO          725    i.HAL_CAN_ActivateNotification  stm32f4xx_hal_can.o
    0x08000bb2   0x000000c8   Code   RO          726    i.HAL_CAN_AddTxMessage  stm32f4xx_hal_can.o
    0x08000c7a   0x00000002   PAD
    0x08000c7c   0x0000010c   Code   RO          727    i.HAL_CAN_ConfigFilter  stm32f4xx_hal_can.o
    0x08000d88   0x00000002   Code   RO          730    i.HAL_CAN_ErrorCallback  stm32f4xx_hal_can.o
    0x08000d8a   0x000000e8   Code   RO          733    i.HAL_CAN_GetRxMessage  stm32f4xx_hal_can.o
    0x08000e72   0x000001fc   Code   RO          737    i.HAL_CAN_IRQHandler  stm32f4xx_hal_can.o
    0x0800106e   0x0000011a   Code   RO          738    i.HAL_CAN_Init      stm32f4xx_hal_can.o
    0x08001188   0x0000011c   Code   RO          318    i.HAL_CAN_MspInit   can.o
    0x080012a4   0x00000002   Code   RO          745    i.HAL_CAN_RxFifo0FullCallback  stm32f4xx_hal_can.o
    0x080012a6   0x00000002   PAD
    0x080012a8   0x00000108   Code   RO         5238    i.HAL_CAN_RxFifo0MsgPendingCallback  bsp_can.o
    0x080013b0   0x00000002   Code   RO          747    i.HAL_CAN_RxFifo1FullCallback  stm32f4xx_hal_can.o
    0x080013b2   0x00000002   Code   RO          748    i.HAL_CAN_RxFifo1MsgPendingCallback  stm32f4xx_hal_can.o
    0x080013b4   0x00000002   Code   RO          749    i.HAL_CAN_SleepCallback  stm32f4xx_hal_can.o
    0x080013b6   0x00000002   PAD
    0x080013b8   0x00000058   Code   RO          750    i.HAL_CAN_Start     stm32f4xx_hal_can.o
    0x08001410   0x00000002   Code   RO          752    i.HAL_CAN_TxMailbox0AbortCallback  stm32f4xx_hal_can.o
    0x08001412   0x00000002   Code   RO          753    i.HAL_CAN_TxMailbox0CompleteCallback  stm32f4xx_hal_can.o
    0x08001414   0x00000002   Code   RO          754    i.HAL_CAN_TxMailbox1AbortCallback  stm32f4xx_hal_can.o
    0x08001416   0x00000002   Code   RO          755    i.HAL_CAN_TxMailbox1CompleteCallback  stm32f4xx_hal_can.o
    0x08001418   0x00000002   Code   RO          756    i.HAL_CAN_TxMailbox2AbortCallback  stm32f4xx_hal_can.o
    0x0800141a   0x00000002   Code   RO          757    i.HAL_CAN_TxMailbox2CompleteCallback  stm32f4xx_hal_can.o
    0x0800141c   0x00000002   Code   RO          759    i.HAL_CAN_WakeUpFromRxMsgCallback  stm32f4xx_hal_can.o
    0x0800141e   0x00000092   Code   RO         1472    i.HAL_DMA_Abort     stm32f4xx_hal_dma.o
    0x080014b0   0x00000024   Code   RO         1473    i.HAL_DMA_Abort_IT  stm32f4xx_hal_dma.o
    0x080014d4   0x000001a0   Code   RO         1477    i.HAL_DMA_IRQHandler  stm32f4xx_hal_dma.o
    0x08001674   0x000000d4   Code   RO         1478    i.HAL_DMA_Init      stm32f4xx_hal_dma.o
    0x08001748   0x00000046   Code   RO         1481    i.HAL_DMA_Start     stm32f4xx_hal_dma.o
    0x0800178e   0x00000002   PAD
    0x08001790   0x00000024   Code   RO         1909    i.HAL_Delay         stm32f4xx_hal.o
    0x080017b4   0x00000234   Code   RO         1365    i.HAL_GPIO_Init     stm32f4xx_hal_gpio.o
    0x080019e8   0x0000000a   Code   RO         1367    i.HAL_GPIO_ReadPin  stm32f4xx_hal_gpio.o
    0x080019f2   0x00000010   Code   RO         1368    i.HAL_GPIO_TogglePin  stm32f4xx_hal_gpio.o
    0x08001a02   0x0000000a   Code   RO         1369    i.HAL_GPIO_WritePin  stm32f4xx_hal_gpio.o
    0x08001a0c   0x0000000c   Code   RO         1917    i.HAL_GetTick       stm32f4xx_hal.o
    0x08001a18   0x00000010   Code   RO         1923    i.HAL_IncTick       stm32f4xx_hal.o
    0x08001a28   0x00000034   Code   RO         1924    i.HAL_Init          stm32f4xx_hal.o
    0x08001a5c   0x00000074   Code   RO          685    i.HAL_InitTick      stm32f4xx_hal_timebase_tim.o
    0x08001ad0   0x00000038   Code   RO          661    i.HAL_MspInit       stm32f4xx_hal_msp.o
    0x08001b08   0x0000001a   Code   RO         1772    i.HAL_NVIC_EnableIRQ  stm32f4xx_hal_cortex.o
    0x08001b22   0x00000002   PAD
    0x08001b24   0x00000040   Code   RO         1778    i.HAL_NVIC_SetPriority  stm32f4xx_hal_cortex.o
    0x08001b64   0x00000024   Code   RO         1779    i.HAL_NVIC_SetPriorityGrouping  stm32f4xx_hal_cortex.o
    0x08001b88   0x00000070   Code   RO         1701    i.HAL_PWREx_EnableOverDrive  stm32f4xx_hal_pwr_ex.o
    0x08001bf8   0x00000134   Code   RO          959    i.HAL_RCC_ClockConfig  stm32f4xx_hal_rcc.o
    0x08001d2c   0x00000040   Code   RO          963    i.HAL_RCC_GetClockConfig  stm32f4xx_hal_rcc.o
    0x08001d6c   0x00000020   Code   RO          966    i.HAL_RCC_GetPCLK1Freq  stm32f4xx_hal_rcc.o
    0x08001d8c   0x00000020   Code   RO          967    i.HAL_RCC_GetPCLK2Freq  stm32f4xx_hal_rcc.o
    0x08001dac   0x00000064   Code   RO          968    i.HAL_RCC_GetSysClockFreq  stm32f4xx_hal_rcc.o
    0x08001e10   0x0000036c   Code   RO          971    i.HAL_RCC_OscConfig  stm32f4xx_hal_rcc.o
    0x0800217c   0x000000bc   Code   RO         2183    i.HAL_SPI_Init      stm32f4xx_hal_spi.o
    0x08002238   0x0000006c   Code   RO          391    i.HAL_SPI_MspInit   spi.o
    0x080022a4   0x00000002   Code   RO         3200    i.HAL_TIMEx_BreakCallback  stm32f4xx_hal_tim_ex.o
    0x080022a6   0x00000002   Code   RO         3201    i.HAL_TIMEx_CommutCallback  stm32f4xx_hal_tim_ex.o
    0x080022a8   0x00000090   Code   RO         3219    i.HAL_TIMEx_MasterConfigSynchronization  stm32f4xx_hal_tim_ex.o
    0x08002338   0x0000005a   Code   RO         2496    i.HAL_TIM_Base_Init  stm32f4xx_hal_tim.o
    0x08002392   0x00000002   PAD
    0x08002394   0x0000007c   Code   RO          433    i.HAL_TIM_Base_MspInit  tim.o
    0x08002410   0x00000080   Code   RO         2501    i.HAL_TIM_Base_Start_IT  stm32f4xx_hal_tim.o
    0x08002490   0x000000dc   Code   RO         2505    i.HAL_TIM_ConfigClockSource  stm32f4xx_hal_tim.o
    0x0800256c   0x00000060   Code   RO         5160    i.HAL_TIM_IC_CaptureCallback  remote_control.o
    0x080025cc   0x00000166   Code   RO         2544    i.HAL_TIM_IRQHandler  stm32f4xx_hal_tim.o
    0x08002732   0x00000002   PAD
    0x08002734   0x00000080   Code   RO          434    i.HAL_TIM_MspPostInit  tim.o
    0x080027b4   0x00000002   Code   RO         2547    i.HAL_TIM_OC_DelayElapsedCallback  stm32f4xx_hal_tim.o
    0x080027b6   0x000000cc   Code   RO         2568    i.HAL_TIM_PWM_ConfigChannel  stm32f4xx_hal_tim.o
    0x08002882   0x0000005a   Code   RO         2571    i.HAL_TIM_PWM_Init  stm32f4xx_hal_tim.o
    0x080028dc   0x00000002   Code   RO         2573    i.HAL_TIM_PWM_MspInit  stm32f4xx_hal_tim.o
    0x080028de   0x00000002   Code   RO         2574    i.HAL_TIM_PWM_PulseFinishedCallback  stm32f4xx_hal_tim.o
    0x080028e0   0x000000c8   Code   RO         2576    i.HAL_TIM_PWM_Start  stm32f4xx_hal_tim.o
    0x080029a8   0x00000014   Code   RO           14    i.HAL_TIM_PeriodElapsedCallback  main.o
    0x080029bc   0x00000002   Code   RO         2587    i.HAL_TIM_TriggerCallback  stm32f4xx_hal_tim.o
    0x080029be   0x00000002   Code   RO         3478    i.HAL_UARTEx_RxEventCallback  stm32f4xx_hal_uart.o
    0x080029c0   0x00000002   Code   RO         3492    i.HAL_UART_ErrorCallback  stm32f4xx_hal_uart.o
    0x080029c2   0x00000002   PAD
    0x080029c4   0x00000268   Code   RO         3495    i.HAL_UART_IRQHandler  stm32f4xx_hal_uart.o
    0x08002c2c   0x00000062   Code   RO         3496    i.HAL_UART_Init     stm32f4xx_hal_uart.o
    0x08002c8e   0x00000002   PAD
    0x08002c90   0x000001a4   Code   RO          487    i.HAL_UART_MspInit  usart.o
    0x08002e34   0x00000012   Code   RO         5197    i.HAL_UART_Receive_IT_IDLE  bsp_usart.o
    0x08002e46   0x00000002   Code   RO         3502    i.HAL_UART_RxCpltCallback  stm32f4xx_hal_uart.o
    0x08002e48   0x000000b2   Code   RO         3504    i.HAL_UART_Transmit  stm32f4xx_hal_uart.o
    0x08002efa   0x00000002   Code   RO         3507    i.HAL_UART_TxCpltCallback  stm32f4xx_hal_uart.o
    0x08002efc   0x00000002   Code   RO          553    i.HardFault_Handler  stm32f4xx_it.o
    0x08002efe   0x0000000c   Code   RO          251    i.Key_Task          freertos.o
    0x08002f0a   0x00000002   PAD
    0x08002f0c   0x00000180   Code   RO         5846    i.Lift_task         get.o
    0x0800308c   0x00000044   Code   RO          319    i.MX_CAN1_Init      can.o
    0x080030d0   0x00000044   Code   RO          320    i.MX_CAN2_Init      can.o
    0x08003114   0x0000002c   Code   RO          366    i.MX_DMA_Init       dma.o
    0x08003140   0x00000068   Code   RO          252    i.MX_FREERTOS_Init  freertos.o
    0x080031a8   0x000001cc   Code   RO          225    i.MX_GPIO_Init      gpio.o
    0x08003374   0x00000044   Code   RO          392    i.MX_SPI5_Init      spi.o
    0x080033b8   0x000000a8   Code   RO          435    i.MX_TIM2_Init      tim.o
    0x08003460   0x000000bc   Code   RO          436    i.MX_TIM4_Init      tim.o
    0x0800351c   0x00000038   Code   RO          488    i.MX_UART8_Init     usart.o
    0x08003554   0x00000040   Code   RO          489    i.MX_USART1_UART_Init  usart.o
    0x08003594   0x00000038   Code   RO          490    i.MX_USART2_UART_Init  usart.o
    0x080035cc   0x00000038   Code   RO          491    i.MX_USART6_UART_Init  usart.o
    0x08003604   0x00000002   Code   RO          554    i.MemManage_Handler  stm32f4xx_it.o
    0x08003606   0x00000002   Code   RO          555    i.NMI_Handler       stm32f4xx_it.o
    0x08003608   0x00000068   Code   RO         5359    i.Niming_send       user_lib.o
    0x08003670   0x0000001a   Code   RO         5923    i.Other_action      other_action.o
    0x0800368a   0x00000004   Code   RO         5718    i.Other_all_task    centre.o
    0x0800368e   0x0000000c   Code   RO          253    i.Other_task        freertos.o
    0x0800369a   0x00000016   Code   RO         5924    i.Other_task_init   other_action.o
    0x080036b0   0x0000009c   Code   RO         5925    i.PIN_change        other_action.o
    0x0800374c   0x0000004c   Code   RO         5239    i.SET_CAN1Ahead_MOTOR_CURRENT  bsp_can.o
    0x08003798   0x0000004c   Code   RO         5240    i.SET_CAN1Back_MOTOR_CURRENT  bsp_can.o
    0x080037e4   0x0000004c   Code   RO         5241    i.SET_CAN2Ahead_MOTOR_CURRENT  bsp_can.o
    0x08003830   0x0000004c   Code   RO         5242    i.SET_CAN2Back_MOTOR_CURRENT  bsp_can.o
    0x0800387c   0x0000002c   Code   RO         5080    i.SysTick_Handler   port.o
    0x080038a8   0x00000088   Code   RO           15    i.SystemClock_Config  main.o
    0x08003930   0x0000001c   Code   RO         3825    i.SystemInit        system_stm32f4xx.o
    0x0800394c   0x0000000c   Code   RO          556    i.TIM8_UP_TIM13_IRQHandler  stm32f4xx_it.o
    0x08003958   0x000000c8   Code   RO         2589    i.TIM_Base_SetConfig  stm32f4xx_hal_tim.o
    0x08003a20   0x0000001a   Code   RO         2590    i.TIM_CCxChannelCmd  stm32f4xx_hal_tim.o
    0x08003a3a   0x00000014   Code   RO         2600    i.TIM_ETR_SetConfig  stm32f4xx_hal_tim.o
    0x08003a4e   0x00000010   Code   RO         2601    i.TIM_ITRx_SetConfig  stm32f4xx_hal_tim.o
    0x08003a5e   0x00000002   PAD
    0x08003a60   0x00000060   Code   RO         2602    i.TIM_OC1_SetConfig  stm32f4xx_hal_tim.o
    0x08003ac0   0x0000006c   Code   RO         2603    i.TIM_OC2_SetConfig  stm32f4xx_hal_tim.o
    0x08003b2c   0x00000068   Code   RO         2604    i.TIM_OC3_SetConfig  stm32f4xx_hal_tim.o
    0x08003b94   0x00000050   Code   RO         2605    i.TIM_OC4_SetConfig  stm32f4xx_hal_tim.o
    0x08003be4   0x00000022   Code   RO         2607    i.TIM_TI1_ConfigInputStage  stm32f4xx_hal_tim.o
    0x08003c06   0x00000024   Code   RO         2609    i.TIM_TI2_ConfigInputStage  stm32f4xx_hal_tim.o
    0x08003c2a   0x00000010   Code   RO         3509    i.UART_DMAAbortOnError  stm32f4xx_hal_uart.o
    0x08003c3a   0x0000004e   Code   RO         3519    i.UART_EndRxTransfer  stm32f4xx_hal_uart.o
    0x08003c88   0x00000078   Code   RO         5198    i.UART_Receive_DMA_NoIT  bsp_usart.o
    0x08003d00   0x000000c0   Code   RO         3521    i.UART_Receive_IT   stm32f4xx_hal_uart.o
    0x08003dc0   0x0000010c   Code   RO         3522    i.UART_SetConfig    stm32f4xx_hal_uart.o
    0x08003ecc   0x00000078   Code   RO         3525    i.UART_WaitOnFlagUntilTimeout  stm32f4xx_hal_uart.o
    0x08003f44   0x0000000c   Code   RO          557    i.USART1_IRQHandler  stm32f4xx_it.o
    0x08003f50   0x0000000c   Code   RO          558    i.USART2_IRQHandler  stm32f4xx_it.o
    0x08003f5c   0x0000000c   Code   RO          559    i.USART6_IRQHandler  stm32f4xx_it.o
    0x08003f68   0x00000002   Code   RO          560    i.UsageFault_Handler  stm32f4xx_it.o
    0x08003f6a   0x00000030   Code   RO         6146    i.__ARM_fpclassify  m_wm.l(fpclassify.o)
    0x08003f9a   0x00000020   Code   RO         1785    i.__NVIC_SetPriority  stm32f4xx_hal_cortex.o
    0x08003fba   0x00000006   PAD
    0x08003fc0   0x00000c50   Code   RO         6067    i.__hardfp_pow      m_wm.l(pow.o)
    0x08004c10   0x000000f8   Code   RO         6148    i.__kernel_poly     m_wm.l(poly.o)
    0x08004d08   0x00000030   Code   RO         6132    i.__mathlib_dbl_divzero  m_wm.l(dunder.o)
    0x08004d38   0x00000014   Code   RO         6134    i.__mathlib_dbl_infnan2  m_wm.l(dunder.o)
    0x08004d4c   0x00000004   PAD
    0x08004d50   0x00000020   Code   RO         6135    i.__mathlib_dbl_invalid  m_wm.l(dunder.o)
    0x08004d70   0x00000020   Code   RO         6136    i.__mathlib_dbl_overflow  m_wm.l(dunder.o)
    0x08004d90   0x00000020   Code   RO         6138    i.__mathlib_dbl_underflow  m_wm.l(dunder.o)
    0x08004db0   0x0000000e   Code   RO         6199    i.__scatterload_copy  mc_w.l(handlers.o)
    0x08004dbe   0x00000002   Code   RO         6200    i.__scatterload_null  mc_w.l(handlers.o)
    0x08004dc0   0x0000000e   Code   RO         6201    i.__scatterload_zeroinit  mc_w.l(handlers.o)
    0x08004dce   0x00000002   PAD
    0x08004dd0   0x0000000c   Code   RO         6171    i.__set_errno       mc_w.l(errno.o)
    0x08004ddc   0x00000070   Code   RO         5719    i.base_init         centre.o
    0x08004e4c   0x0000004c   Code   RO         5926    i.block_moto_init   other_action.o
    0x08004e98   0x00000024   Code   RO         5927    i.block_moto_speed_change  other_action.o
    0x08004ebc   0x00000018   Code   RO         5928    i.block_up_init     other_action.o
    0x08004ed4   0x00000004   Code   RO         5720    i.chassis_all_task  centre.o
    0x08004ed8   0x00000078   Code   RO         5788    i.chassis_caculate  chassis.o
    0x08004f50   0x000000b0   Code   RO         5789    i.chassis_init      chassis.o
    0x08005000   0x000000c0   Code   RO         5790    i.chassis_key       chassis.o
    0x080050c0   0x00000034   Code   RO         5791    i.chassis_max_speed  chassis.o
    0x080050f4   0x0000016c   Code   RO         5792    i.chassis_task      chassis.o
    0x08005260   0x00000114   Code   RO         5929    i.deal_block_task   other_action.o
    0x08005374   0x00000018   Code   RO         6063    i.fabs              m_wm.l(fabs.o)
    0x0800538c   0x00000050   Code   RO         5360    i.first_order_filter_cali  user_lib.o
    0x080053dc   0x00000014   Code   RO         5361    i.first_order_filter_init  user_lib.o
    0x080053f0   0x00000154   Code   RO         5847    i.get_init          get.o
    0x08005544   0x0000004c   Code   RO         5243    i.get_moto_measure  bsp_can.o
    0x08005590   0x00001344   Code   RO         5848    i.get_task          get.o
    0x080068d4   0x0000000e   Code   RO         5849    i.get_task_init     get.o
    0x080068e2   0x00000002   PAD
    0x080068e4   0x00000028   Code   RO         5930    i.help_air_task     other_action.o
    0x0800690c   0x00000104   Code   RO         5931    i.help_card_init    other_action.o
    0x08006a10   0x00000064   Code   RO         5932    i.help_card_task    other_action.o
    0x08006a74   0x00000004   Code   RO         5721    i.key_all_task      centre.o
    0x08006a78   0x0000000c   Code   RO         5536    i.key_init          key_1.o
    0x08006a84   0x00000288   Code   RO         5537    i.key_task          key_1.o
    0x08006d0c   0x0000001c   Code   RO         5850    i.lift_total_angle_update  get.o
    0x08006d28   0x0000002a   Code   RO         5309    i.limit             pid_1.o
    0x08006d52   0x00000002   PAD
    0x08006d54   0x0000015c   Code   RO         5363    i.limit_moto        user_lib.o
    0x08006eb0   0x0000004c   Code   RO           16    i.main              main.o
    0x08006efc   0x0000000c   Code   RO         4645    i.makeFreeRtosPriority  cmsis_os.o
    0x08006f08   0x00000040   Code   RO         5933    i.moto_reset        other_action.o
    0x08006f48   0x0000000e   Code   RO         4647    i.osDelay           cmsis_os.o
    0x08006f56   0x0000000a   Code   RO         4650    i.osKernelStart     cmsis_os.o
    0x08006f60   0x00000054   Code   RO         4684    i.osThreadCreate    cmsis_os.o
    0x08006fb4   0x00000110   Code   RO         5310    i.pid_calculate     pid_1.o
    0x080070c4   0x00000014   Code   RO         5311    i.pid_init          pid_1.o
    0x080070d8   0x0000001a   Code   RO         5312    i.pid_param_init    pid_1.o
    0x080070f2   0x00000002   PAD
    0x080070f4   0x00000070   Code   RO         4327    i.prvAddCurrentTaskToDelayedList  tasks.o
    0x08007164   0x000000d0   Code   RO         4328    i.prvAddNewTaskToReadyList  tasks.o
    0x08007234   0x00000034   Code   RO         4329    i.prvDeleteTCB      tasks.o
    0x08007268   0x0000004c   Code   RO         5012    i.prvHeapInit       heap_4.o
    0x080072b4   0x00000060   Code   RO         4330    i.prvIdleTask       tasks.o
    0x08007314   0x00000098   Code   RO         4331    i.prvInitialiseNewTask  tasks.o
    0x080073ac   0x0000004c   Code   RO         5013    i.prvInsertBlockIntoFreeList  heap_4.o
    0x080073f8   0x00000020   Code   RO         4332    i.prvResetNextTaskUnblockTime  tasks.o
    0x08007418   0x00000028   Code   RO         5081    i.prvTaskExitError  port.o
    0x08007440   0x000000dc   Code   RO         5014    i.pvPortMalloc      heap_4.o
    0x0800751c   0x0000002c   Code   RO         5082    i.pxPortInitialiseStack  port.o
    0x08007548   0x00000090   Code   RO         5365    i.ramp_calc         user_lib.o
    0x080075d8   0x0000001a   Code   RO         5366    i.ramp_init         user_lib.o
    0x080075f2   0x00000002   PAD
    0x080075f4   0x00000148   Code   RO         5851    i.spin_moto_find_set  get.o
    0x0800773c   0x0000006e   Code   RO         6083    i.sqrt              m_wm.l(sqrt.o)
    0x080077aa   0x00000002   PAD
    0x080077ac   0x00000024   Code   RO         5934    i.steer_init        other_action.o
    0x080077d0   0x00000040   Code   RO         5935    i.supply_task       other_action.o
    0x08007810   0x00000016   Code   RO         5722    i.task_init         centre.o
    0x08007826   0x00000002   PAD
    0x08007828   0x00000084   Code   RO         5852    i.tp_init           get.o
    0x080078ac   0x00000168   Code   RO         5853    i.tp_task           get.o
    0x08007a14   0x00000026   Code   RO         3963    i.uxListRemove      list.o
    0x08007a3a   0x00000002   PAD
    0x08007a3c   0x00000014   Code   RO          254    i.vApplicationGetIdleTaskMemory  freertos.o
    0x08007a50   0x00000016   Code   RO         3964    i.vListInitialise   list.o
    0x08007a66   0x00000006   Code   RO         3965    i.vListInitialiseItem  list.o
    0x08007a6c   0x00000030   Code   RO         3966    i.vListInsert       list.o
    0x08007a9c   0x00000018   Code   RO         3967    i.vListInsertEnd    list.o
    0x08007ab4   0x00000040   Code   RO         5084    i.vPortEnterCritical  port.o
    0x08007af4   0x00000028   Code   RO         5085    i.vPortExitCritical  port.o
    0x08007b1c   0x00000064   Code   RO         5015    i.vPortFree         heap_4.o
    0x08007b80   0x00000024   Code   RO         5086    i.vPortSetupTimerInterrupt  port.o
    0x08007ba4   0x0000004c   Code   RO         4341    i.vTaskDelay        tasks.o
    0x08007bf0   0x0000006c   Code   RO         4354    i.vTaskStartScheduler  tasks.o
    0x08007c5c   0x00000010   Code   RO         4356    i.vTaskSuspendAll   tasks.o
    0x08007c6c   0x0000005c   Code   RO         4357    i.vTaskSwitchContext  tasks.o
    0x08007cc8   0x000000f4   Code   RO         5088    i.xPortStartScheduler  port.o
    0x08007dbc   0x0000005a   Code   RO         4360    i.xTaskCreate       tasks.o
    0x08007e16   0x00000056   Code   RO         4361    i.xTaskCreateStatic  tasks.o
    0x08007e6c   0x000000cc   Code   RO         4368    i.xTaskIncrementTick  tasks.o
    0x08007f38   0x000000c4   Code   RO         4374    i.xTaskResumeAll    tasks.o
    0x08007ffc   0x00000070   Data   RO          256    .constdata          freertos.o
    0x0800806c   0x00000008   Data   RO         1484    .constdata          stm32f4xx_hal_dma.o
    0x08008074   0x00000010   Data   RO         3826    .constdata          system_stm32f4xx.o
    0x08008084   0x00000008   Data   RO         3827    .constdata          system_stm32f4xx.o
    0x0800808c   0x00000004   PAD
    0x08008090   0x00000088   Data   RO         6070    .constdata          m_wm.l(pow.o)
    0x08008118   0x00000008   Data   RO         6150    .constdata          m_wm.l(qnan.o)
    0x08008120   0x00000018   Data   RO          257    .conststring        freertos.o
    0x08008138   0x00000020   Data   RO         6197    Region$$Table       anon$$obj.o


    Execution Region RW_IRAM2 (Base: 0x10000000, Size: 0x00000000, Max: 0x00010000, ABSOLUTE)

    **** No section assigned to this execution region ****


    Execution Region RW_IRAM1 (Base: 0x20000000, Size: 0x000050f8, Max: 0x00030000, ABSOLUTE)

    Base Addr    Size         Type   Attr      Idx    E Section Name        Object

    0x20000000   0x00000010   Data   RW          258    .data               freertos.o
    0x20000010   0x00000004   Data   RW          322    .data               can.o
    0x20000014   0x0000000c   Data   RW         1931    .data               stm32f4xx_hal.o
    0x20000020   0x00000004   Data   RW         3828    .data               system_stm32f4xx.o
    0x20000024   0x0000003c   Data   RW         4377    .data               tasks.o
    0x20000060   0x00000020   Data   RW         5021    .data               heap_4.o
    0x20000080   0x0000000c   Data   RW         5089    .data               port.o
    0x2000008c   0x00000010   Data   RW         5162    .data               remote_control.o
    0x2000009c   0x00000024   Data   RW         5245    .data               bsp_can.o
    0x200000c0   0x00000004   Data   RW         5539    .data               key_1.o
    0x200000c4   0x00000004   Data   RW         5724    .data               centre.o
    0x200000c8   0x00000002   Data   RW         5795    .data               chassis.o
    0x200000ca   0x00000002   PAD
    0x200000cc   0x0000001c   Data   RW         5856    .data               get.o
    0x200000e8   0x00000010   Data   RW         5939    .data               other_action.o
    0x200000f8   0x00000004   Data   RW         6172    .data               mc_w.l(errno.o)
    0x200000fc   0x00000254   Zero   RW          255    .bss                freertos.o
    0x20000350   0x00000050   Zero   RW          321    .bss                can.o
    0x200003a0   0x00000058   Zero   RW          393    .bss                spi.o
    0x200003f8   0x00000090   Zero   RW          437    .bss                tim.o
    0x20000488   0x00000170   Zero   RW          492    .bss                usart.o
    0x200005f8   0x00000048   Zero   RW          688    .bss                stm32f4xx_hal_timebase_tim.o
    0x20000640   0x000000f0   Zero   RW         4376    .bss                tasks.o
    0x20000730   0x00003c00   Zero   RW         5020    .bss                heap_4.o
    0x20004330   0x00000016   Zero   RW         5161    .bss                remote_control.o
    0x20004346   0x00000002   PAD
    0x20004348   0x000001b4   Zero   RW         5244    .bss                bsp_can.o
    0x200044fc   0x00000011   Zero   RW         5367    .bss                user_lib.o
    0x2000450d   0x00000012   Zero   RW         5538    .bss                key_1.o
    0x2000451f   0x00000064   Zero   RW         5723    .bss                centre.o
    0x20004583   0x00000001   PAD
    0x20004584   0x0000022c   Zero   RW         5793    .bss                chassis.o
    0x200047b0   0x00000410   Zero   RW         5854    .bss                get.o
    0x20004bc0   0x00000138   Zero   RW         5937    .bss                other_action.o
    0x20004cf8   0x00000400   Zero   RW            1    STACK               startup_stm32f427xx.o


==============================================================================

Image component sizes


      Code (inc. data)   RO Data    RW Data    ZI Data      Debug   Object Name

       776        104          0         36        436       7078   bsp_can.o
       138          0          0          0          0       1835   bsp_usart.o
       420         40          0          4         80       2458   can.o
       164         38          0          4        100       3973   centre.o
       904         94          0          2        556       5219   chassis.o
       120          0          0          0          0      23301   cmsis_os.o
        44          4          0          0          0        758   dma.o
         0          0          0          0          0      16884   event_groups.o
       172         12        136         16        596       4089   freertos.o
      6518        336          0         28       1040      10250   get.o
       460         26          0          0          0       1199   gpio.o
       472         24          0         32      15360       7423   heap_4.o
       660         22          0          4         18       3082   key_1.o
       138          0          0          0          0       3558   list.o
       234         14          0          0          0     792132   main.o
      1260        222          0         16        312      10663   other_action.o
       360         26          0          0          0       4180   pid_1.o
       702         72          0         12          0      11012   port.o
        96         14          0         16         22       2864   remote_control.o
       176         22          0          0         88       1657   spi.o
        36          8        428          0       1024        836   startup_stm32f427xx.o
       116         18          0         12          0       8870   stm32f4xx_hal.o
      1638          6          0          0          0      14303   stm32f4xx_hal_can.o
       158         14          0          0          0      33166   stm32f4xx_hal_cortex.o
      1044         16          8          0          0       7203   stm32f4xx_hal_dma.o
       600         54          0          0          0       3524   stm32f4xx_hal_gpio.o
        56          4          0          0          0        842   stm32f4xx_hal_msp.o
       112         14          0          0          0       1292   stm32f4xx_hal_pwr_ex.o
      1412         86          0          0          0       5913   stm32f4xx_hal_rcc.o
       188          0          0          0          0       1199   stm32f4xx_hal_spi.o
      2018        136          0          0          0      16401   stm32f4xx_hal_tim.o
       148         28          0          0          0       2465   stm32f4xx_hal_tim_ex.o
       116         16          0          0         72       1399   stm32f4xx_hal_timebase_tim.o
      1574         16          0          0          0      10488   stm32f4xx_hal_uart.o
       120         54          0          0          0       6928   stm32f4xx_it.o
         0          0          0          0          0        388   stream_buffer.o
        28          6         24          4          0       1131   system_stm32f4xx.o
      1520        112          0         60        240      19506   tasks.o
       608         42          0          0        144       3361   tim.o
       652         84          0          0        368       3846   usart.o
       722         60          0          0         17       5018   user_lib.o

    ----------------------------------------------------------------------
     26724       1844        632        248      20476    1061694   Object Totals
         0          0         32          0          0          0   (incl. Generated)
        44          0          4          2          3          0   (incl. Padding)

    ----------------------------------------------------------------------

      Code (inc. data)   RO Data    RW Data    ZI Data      Debug   Library Member Name

       164         44          0          0          0        620   dunder.o
        24          0          0          0          0        124   fabs.o
        48          0          0          0          0        124   fpclassify.o
       248          0          0          0          0        152   poly.o
      3152        296        136          0          0        352   pow.o
         0          0          8          0          0          0   qnan.o
       110          0          0          0          0        148   sqrt.o
         0          0          0          0          0          0   entry.o
         0          0          0          0          0          0   entry10a.o
         0          0          0          0          0          0   entry11a.o
         8          4          0          0          0          0   entry2.o
         4          0          0          0          0          0   entry5.o
         0          0          0          0          0          0   entry7b.o
         0          0          0          0          0          0   entry8b.o
         8          4          0          0          0          0   entry9a.o
        12          6          0          4          0         68   errno.o
        30          0          0          0          0          0   handlers.o
        36          8          0          0          0         68   init.o
         0          0          0          0          0          0   iusefp.o
        30          0          0          0          0         68   llshl.o
        36          0          0          0          0         68   llsshr.o
        32          0          0          0          0         68   llushr.o
        36          0          0          0          0         68   memcpya.o
        36          0          0          0          0        108   memseta.o
        98          0          0          0          0         92   uldiv.o
        48          0          0          0          0         68   cdrcmple.o
        56          0          0          0          0         88   d2f.o
       334          0          0          0          0        148   dadd.o
       222          0          0          0          0        100   ddiv.o
       186          0          0          0          0        176   depilogue.o
        34          0          0          0          0         76   dflti.o
        26          0          0          0          0         76   dfltui.o
       228          0          0          0          0         96   dmul.o
        46          0          0          0          0         80   dscalb.o
       162          0          0          0          0        100   dsqrt.o
        38          0          0          0          0         68   f2d.o
       110          0          0          0          0        168   fepilogue.o

    ----------------------------------------------------------------------
      5612        362        144          4          0       3372   Library Totals
        10          0          0          0          0          0   (incl. Padding)

    ----------------------------------------------------------------------

      Code (inc. data)   RO Data    RW Data    ZI Data      Debug   Library Name

      3746        340        144          0          0       1520   m_wm.l
       366         22          0          4          0        608   mc_w.l
      1490          0          0          0          0       1244   mf_w.l

    ----------------------------------------------------------------------
      5612        362        144          4          0       3372   Library Totals

    ----------------------------------------------------------------------

==============================================================================


      Code (inc. data)   RO Data    RW Data    ZI Data      Debug   

     32336       2206        776        252      20476    1042986   Grand Totals
     32336       2206        776        252      20476    1042986   ELF Image Totals
     32336       2206        776        252          0          0   ROM Totals

==============================================================================

    Total RO  Size (Code + RO Data)                33112 (  32.34kB)
    Total RW  Size (RW Data + ZI Data)             20728 (  20.24kB)
    Total ROM Size (Code + RO Data + RW Data)      33364 (  32.58kB)

==============================================================================

